Archive member included because of file (symbol)

contiki-ng-sky.a(uart1-putchar.o)
                              obj_sky/contiki-main.o (putchar)
contiki-ng-sky.a(platform.o)  obj_sky/contiki-main.o (platform_init_stage_one)
contiki-ng-sky.a(msp430.o)    contiki-ng-sky.a(platform.o) (msp430_dco_required)
contiki-ng-sky.a(clock.o)     obj_sky/contiki-main.o (clock_init)
contiki-ng-sky.a(leds.o)      contiki-ng-sky.a(platform.o) (leds_init)
contiki-ng-sky.a(leds-arch.o)
                              contiki-ng-sky.a(leds.o) (leds_arch_init)
contiki-ng-sky.a(watchdog.o)  obj_sky/contiki-main.o (watchdog_start)
contiki-ng-sky.a(mqtt.o)      mqtt-demo.o (mqtt_register)
contiki-ng-sky.a(autostart.o)
                              obj_sky/contiki-main.o (autostart_start)
contiki-ng-sky.a(ctimer.o)    obj_sky/contiki-main.o (ctimer_init)
contiki-ng-sky.a(energest.o)  obj_sky/contiki-main.o (energest_init)
contiki-ng-sky.a(etimer.o)    contiki-ng-sky.a(clock.o) (etimer_request_poll)
contiki-ng-sky.a(log.o)       obj_sky/contiki-main.o (log_6addr)
contiki-ng-sky.a(process.o)   contiki-ng-sky.a(mqtt.o) (process_current)
contiki-ng-sky.a(rtimer.o)    obj_sky/contiki-main.o (rtimer_init)
contiki-ng-sky.a(node-id.o)   obj_sky/contiki-main.o (node_id_init)
contiki-ng-sky.a(timer.o)     mqtt-demo.o (timer_set)
contiki-ng-sky.a(list.o)      contiki-ng-sky.a(mqtt.o) (list_init)
contiki-ng-sky.a(random.o)    contiki-ng-sky.a(platform.o) (random_init)
contiki-ng-sky.a(netstack.o)  obj_sky/contiki-main.o (netstack_init)
contiki-ng-sky.a(linkaddr.o)  contiki-ng-sky.a(platform.o) (linkaddr_copy)
contiki-ng-sky.a(csma.o)      obj_sky/contiki-main.o (csma_driver)
contiki-ng-sky.a(csma-output.o)
                              contiki-ng-sky.a(csma.o) (csma_output_packet)
contiki-ng-sky.a(uip-ds6.o)   obj_sky/contiki-main.o (uip_ds6_get_link_local)
contiki-ng-sky.a(tcp-socket.o)
                              contiki-ng-sky.a(mqtt.o) (tcp_socket_register)
contiki-ng-sky.a(tcpip.o)     contiki-ng-sky.a(tcp-socket.o) (tcp_unlisten)
contiki-ng-sky.a(uip-ds6-route.o)
                              contiki-ng-sky.a(uip-ds6.o) (uip_ds6_route_init)
contiki-ng-sky.a(uip6.o)      contiki-ng-sky.a(tcpip.o) (uip_aligned_buf)
contiki-ng-sky.a(uip-ds6-nbr.o)
                              contiki-ng-sky.a(uip-ds6.o) (uip_ds6_neighbors_init)
contiki-ng-sky.a(uip-nd6.o)   contiki-ng-sky.a(uip6.o) (uip_nd6_init)
contiki-ng-sky.a(sicslowpan.o)
                              obj_sky/contiki-main.o (sicslowpan_driver)
contiki-ng-sky.a(uiplib.o)    contiki-ng-sky.a(mqtt.o) (uiplib_ip6addrconv)
contiki-ng-sky.a(rpl.o)       obj_sky/contiki-main.o (rpl_lite_driver)
contiki-ng-sky.a(rpl-icmp6.o)
                              contiki-ng-sky.a(rpl.o) (rpl_icmp6_init)
contiki-ng-sky.a(rpl-dag.o)   contiki-ng-sky.a(rpl.o) (curr_instance)
contiki-ng-sky.a(rpl-dag-root.o)
                              contiki-ng-sky.a(rpl.o) (rpl_dag_root_set_prefix)
contiki-ng-sky.a(contiki-sky-pla)
                              contiki-ng-sky.a(platform.o) (init_platform)
contiki-ng-sky.a(button-sensor.o)
                              contiki-ng-sky.a(contiki-sky-pla) (button_sensor)
contiki-ng-sky.a(ds2411.o)    contiki-ng-sky.a(platform.o) (ds2411_init)
contiki-ng-sky.a(xmem.o)      contiki-ng-sky.a(platform.o) (xmem_init)
contiki-ng-sky.a(sensors.o)   contiki-ng-sky.a(button-sensor.o) (sensors_changed)
contiki-ng-sky.a(cc2420.o)    contiki-ng-sky.a(platform.o) (cc2420_set_pan_addr)
contiki-ng-sky.a(cc2420-arch.o)
                              contiki-ng-sky.a(cc2420.o) (cc2420_arch_init)
contiki-ng-sky.a(uart1.o)     contiki-ng-sky.a(platform.o) (uart1_active)
contiki-ng-sky.a(rtimer-arch.o)
                              contiki-ng-sky.a(rtimer.o) (rtimer_arch_init)
contiki-ng-sky.a(stimer.o)    contiki-ng-sky.a(uip-ds6.o) (stimer_set)
contiki-ng-sky.a(memb.o)      contiki-ng-sky.a(csma-output.o) (memb_init)
contiki-ng-sky.a(queuebuf.o)  contiki-ng-sky.a(csma-output.o) (queuebuf_init)
contiki-ng-sky.a(nbr-table.o)
                              contiki-ng-sky.a(uip-ds6-nbr.o) (nbr_table_register)
contiki-ng-sky.a(packetbuf.o)
                              contiki-ng-sky.a(sicslowpan.o) (packetbuf_set_datalen)
contiki-ng-sky.a(link-stats.o)
                              contiki-ng-sky.a(sicslowpan.o) (link_stats_packet_sent)
contiki-ng-sky.a(mac-sequence.o)
                              contiki-ng-sky.a(csma.o) (mac_sequence_is_duplicate)
contiki-ng-sky.a(mac.o)       contiki-ng-sky.a(csma-output.o) (mac_call_sent_callback)
contiki-ng-sky.a(framer-802154.o)
                              contiki-ng-sky.a(csma.o) (framer_802154)
contiki-ng-sky.a(frame802154.o)
                              contiki-ng-sky.a(framer-802154.o) (frame802154_get_pan_id)
contiki-ng-sky.a(uipbuf.o)    contiki-ng-sky.a(sicslowpan.o) (uipbuf_get_attr)
contiki-ng-sky.a(uip-icmp6.o)
                              contiki-ng-sky.a(uip6.o) (uip_icmp6_input)
[...]
Memory Configuration

Name             Origin             Length             Attributes
sfr              0x00000000         0x00000010
peripheral_8bit  0x00000010         0x000000f0
peripheral_16bit 0x00000100         0x00000100
ram_mirror       0x00000200         0x00000800         xw
infomem          0x00001000         0x00000100
infob            0x00001000         0x00000080
infoa            0x00001080         0x00000080
ram              0x00001100         0x00002800         xw
rom              0x00004000         0x0000bfe0         xr
vectors          0x0000ffe0         0x00000020
bsl              0x00000000         0x00000000
infoc            0x00000000         0x00000000
infod            0x00000000         0x00000000
ram2             0x00000000         0x00000000         xw
usbram           0x00000000         0x00000000         xw
far_rom          0x00000000         0x00000000
*default*        0x00000000         0xffffffff

Linker script and memory map

LOAD /usr/lib/gcc/msp430/4.6.3/mmpy-16/crt0ivtbl16.o
                0x000038f4                _stack = _end
LOAD mqtt-demo.o
LOAD obj_sky/contiki-main.o
LOAD contiki-ng-sky.a
LOAD /usr/lib/gcc/msp430/4.6.3/mmpy-16/libgcc.a
LOAD /usr/lib/gcc/msp430/4.6.3/../../../../msp430/lib/mmpy-16/libc.a
LOAD /usr/lib/gcc/msp430/4.6.3/mmpy-16/libgcc.a
LOAD /usr/lib/gcc/msp430/4.6.3/mmpy-16/libcrt0.a
                0x00000080                PROVIDE (__info_segment_size, 0x80)
                0x00001000                PROVIDE (__infob, 0x1000)
                0x00001080                PROVIDE (__infoa, 0x1080)
                0x00000000                __IE1 = 0x0
                0x00000002                __IFG1 = 0x2
                0x00000004                __ME1 = 0x4
                0x00000001                __IE2 = 0x1
                0x00000003                __IFG2 = 0x3
                0x00000005                __ME2 = 0x5
                0x00000120                __WDTCTL = 0x120
                0x00000130                __MPY = 0x130
                0x00000132                __MPYS = 0x132
                0x00000134                __MAC = 0x134
                0x00000136                __MACS = 0x136
                0x00000138                __OP2 = 0x138
                0x0000013a                __RESLO = 0x13a
                0x0000013c                __RESHI = 0x13c
                0x0000013e                __SUMEXT = 0x13e
                0x00000020                __P1IN = 0x20
                0x00000021                __P1OUT = 0x21
                0x00000022                __P1DIR = 0x22
                0x00000023                __P1IFG = 0x23
                0x00000024                __P1IES = 0x24
                0x00000025                __P1IE = 0x25
                0x00000026                __P1SEL = 0x26
                0x00000028                __P2IN = 0x28
                0x00000029                __P2OUT = 0x29
                0x0000002a                __P2DIR = 0x2a
                0x0000002b                __P2IFG = 0x2b
                0x0000002c                __P2IES = 0x2c
                0x0000002d                __P2IE = 0x2d
                0x0000002e                __P2SEL = 0x2e
                0x00000018                __P3IN = 0x18
                0x00000019                __P3OUT = 0x19
                0x0000001a                __P3DIR = 0x1a
                0x0000001b                __P3SEL = 0x1b
                0x0000001c                __P4IN = 0x1c
                0x0000001d                __P4OUT = 0x1d
                0x0000001e                __P4DIR = 0x1e
                0x0000001f                __P4SEL = 0x1f
                0x00000030                __P5IN = 0x30
                0x00000031                __P5OUT = 0x31
                0x00000032                __P5DIR = 0x32
                0x00000033                __P5SEL = 0x33
                0x00000034                __P6IN = 0x34
                0x00000035                __P6OUT = 0x35
                0x00000036                __P6DIR = 0x36
                0x00000037                __P6SEL = 0x37
                0x00000070                __U0CTL = 0x70
                0x00000071                __U0TCTL = 0x71
                0x00000072                __U0RCTL = 0x72
                0x00000073                __U0MCTL = 0x73
                0x00000074                __U0BR0 = 0x74
                0x00000075                __U0BR1 = 0x75
                0x00000076                __U0RXBUF = 0x76
                0x00000077                __U0TXBUF = 0x77
                0x00000078                __U1CTL = 0x78
                0x00000079                __U1TCTL = 0x79
                0x0000007a                __U1RCTL = 0x7a
                0x0000007b                __U1MCTL = 0x7b
                0x0000007c                __U1BR0 = 0x7c
                0x0000007d                __U1BR1 = 0x7d
                0x0000007e                __U1RXBUF = 0x7e
                0x0000007f                __U1TXBUF = 0x7f
                0x00000050                __I2CIE = 0x50
                0x00000051                __I2CIFG = 0x51
                0x00000052                __I2CNDAT = 0x52
                0x00000071                __I2CTCTL = 0x71
                0x00000072                __I2CDCTL = 0x72
                0x00000073                __I2CPSC = 0x73
                0x00000074                __I2CSCLH = 0x74
                0x00000075                __I2CSCLL = 0x75
                0x00000076                __I2CDRB = 0x76
                0x00000076                __I2CDRW = 0x76
                0x00000118                __I2COA = 0x118
                0x0000011a                __I2CSA = 0x11a
                0x0000011c                __I2CIV = 0x11c
                0x0000012e                __TAIV = 0x12e
                0x00000160                __TACTL = 0x160
                0x00000162                __TACCTL0 = 0x162
                0x00000164                __TACCTL1 = 0x164
                0x00000166                __TACCTL2 = 0x166
                0x00000170                __TAR = 0x170
                0x00000172                __TACCR0 = 0x172
                0x00000174                __TACCR1 = 0x174
                0x00000176                __TACCR2 = 0x176
                0x0000011e                __TBIV = 0x11e
                0x00000180                __TBCTL = 0x180
                0x00000182                __TBCCTL0 = 0x182
                0x00000184                __TBCCTL1 = 0x184
                0x00000186                __TBCCTL2 = 0x186
                0x00000188                __TBCCTL3 = 0x188
                0x0000018a                __TBCCTL4 = 0x18a
                0x0000018c                __TBCCTL5 = 0x18c
                0x0000018e                __TBCCTL6 = 0x18e
                0x00000190                __TBR = 0x190
                0x00000192                __TBCCR0 = 0x192
                0x00000194                __TBCCR1 = 0x194
                0x00000196                __TBCCR2 = 0x196
                0x00000198                __TBCCR3 = 0x198
                0x0000019a                __TBCCR4 = 0x19a
                0x0000019c                __TBCCR5 = 0x19c
                0x0000019e                __TBCCR6 = 0x19e
                0x00000056                __DCOCTL = 0x56
                0x00000057                __BCSCTL1 = 0x57
                0x00000058                __BCSCTL2 = 0x58
                0x00000055                __SVSCTL = 0x55
                0x00000128                __FCTL1 = 0x128
                0x0000012a                __FCTL2 = 0x12a
                0x0000012c                __FCTL3 = 0x12c
                0x00000059                __CACTL1 = 0x59
                0x0000005a                __CACTL2 = 0x5a
                0x0000005b                __CAPD = 0x5b
                0x000001a0                __ADC12CTL0 = 0x1a0
                0x000001a2                __ADC12CTL1 = 0x1a2
                0x000001a4                __ADC12IFG = 0x1a4
                0x000001a6                __ADC12IE = 0x1a6
                0x000001a8                __ADC12IV = 0x1a8
                0x00000140                __ADC12MEM0 = 0x140
                0x00000142                __ADC12MEM1 = 0x142
                0x00000144                __ADC12MEM2 = 0x144
                0x00000146                __ADC12MEM3 = 0x146
                0x00000148                __ADC12MEM4 = 0x148
                0x0000014a                __ADC12MEM5 = 0x14a
                0x0000014c                __ADC12MEM6 = 0x14c
                0x0000014e                __ADC12MEM7 = 0x14e
                0x00000150                __ADC12MEM8 = 0x150
                0x00000152                __ADC12MEM9 = 0x152
                0x00000154                __ADC12MEM10 = 0x154
                0x00000156                __ADC12MEM11 = 0x156
                0x00000158                __ADC12MEM12 = 0x158
                0x0000015a                __ADC12MEM13 = 0x15a
                0x0000015c                __ADC12MEM14 = 0x15c
                0x0000015e                __ADC12MEM15 = 0x15e
                0x00000080                __ADC12MCTL0 = 0x80
                0x00000081                __ADC12MCTL1 = 0x81
                0x00000082                __ADC12MCTL2 = 0x82
                0x00000083                __ADC12MCTL3 = 0x83
                0x00000084                __ADC12MCTL4 = 0x84
                0x00000085                __ADC12MCTL5 = 0x85
                0x00000086                __ADC12MCTL6 = 0x86
                0x00000087                __ADC12MCTL7 = 0x87
                0x00000088                __ADC12MCTL8 = 0x88
                0x00000089                __ADC12MCTL9 = 0x89
                0x0000008a                __ADC12MCTL10 = 0x8a
                0x0000008b                __ADC12MCTL11 = 0x8b
                0x0000008c                __ADC12MCTL12 = 0x8c
                0x0000008d                __ADC12MCTL13 = 0x8d
                0x0000008e                __ADC12MCTL14 = 0x8e
                0x0000008f                __ADC12MCTL15 = 0x8f
                0x000001c0                __DAC12_0CTL = 0x1c0
                0x000001c2                __DAC12_1CTL = 0x1c2
                0x000001c8                __DAC12_0DAT = 0x1c8
                0x000001ca                __DAC12_1DAT = 0x1ca
                0x00000122                __DMACTL0 = 0x122
                0x00000124                __DMACTL1 = 0x124
                0x000001e0                __DMA0CTL = 0x1e0
                0x000001e8                __DMA1CTL = 0x1e8
                0x000001f0                __DMA2CTL = 0x1f0
                0x000001e2                __DMA0SA = 0x1e2
                0x000001e4                __DMA0DA = 0x1e4
                0x000001e6                __DMA0SZ = 0x1e6
                0x000001ea                __DMA1SA = 0x1ea
                0x000001ec                __DMA1DA = 0x1ec
                0x000001ee                __DMA1SZ = 0x1ee
                0x000001f2                __DMA2SA = 0x1f2
                0x000001f4                __DMA2DA = 0x1f4
                0x000001f6                __DMA2SZ = 0x1f6

.hash
 *(.hash)

.dynsym
 *(.dynsym)

.dynstr
 *(.dynstr)

.gnu.version
 *(.gnu.version)

.gnu.version_d
 *(.gnu.version_d)

.gnu.version_r
 *(.gnu.version_r)

.rel.init
 *(.rel.init)

.rela.init
 *(.rela.init)

.rel.fini
 *(.rel.fini)

.rela.fini
 *(.rela.fini)

.rel.text
 *(.rel.text .rel.text.* .rel.gnu.linkonce.t.*)

.rela.text
 *(.rela.text .rela.text.* .rela.gnu.linkonce.t.*)

.rel.rodata
 *(.rel.rodata .rel.rodata.* .rel.gnu.linkonce.r.*)

.rela.rodata
 *(.rela.rodata .rela.rodata.* .rela.gnu.linkonce.r.*)

.rel.data
 *(.rel.data .rel.data.* .rel.gnu.linkonce.d.*)

.rela.data
 *(.rela.data .rela.data.* .rela.gnu.linkonce.d.*)

.rel.bss
 *(.rel.bss .rel.bss.* .rel.gnu.linkonce.b.*)

.rela.bss
 *(.rela.bss .rela.bss.* .rela.gnu.linkonce.b.*)

.rel.ctors
 *(.rel.ctors)

.rela.ctors
 *(.rela.ctors)

.rel.dtors
 *(.rel.dtors)

.rela.dtors
 *(.rela.dtors)

.rel.got
 *(.rel.got)

.rela.got
 *(.rela.got)

.rel.plt
 *(.rel.plt)

.rela.plt
 *(.rela.plt)

.text           0x00004000     0xd8e4
                0x00004000                . = ALIGN (0x2)
 *(.init .init.*)
 *(.init0)
 .init0         0x00004000        0x0 /usr/lib/gcc/msp430/4.6.3/mmpy-16/libcrt0.a(_reset_vector__.o)
                0x00004000                _reset_vector__
 *(.init1)
 .init1         0x00004000        0xc /usr/lib/gcc/msp430/4.6.3/mmpy-16/libcrt0.a(__watchdog_support.o)
                0x00004000                __watchdog_support
 *(.init2)
 .init2         0x0000400c        0x4 /usr/lib/gcc/msp430/4.6.3/mmpy-16/libcrt0.a(__init_stack.o)
                0x0000400c                __init_stack
 *(.init3)
 .init3         0x00004010        0x0 /usr/lib/gcc/msp430/4.6.3/mmpy-16/libcrt0.a(__low_level_init.o)
                0x00004010                __low_level_init
 *(.init4)
 .init4         0x00004010       0x18 /usr/lib/gcc/msp430/4.6.3/mmpy-16/libcrt0.a(_copy_data.o)
                0x00004010                __do_copy_data
 .init4         0x00004028       0x16 /usr/lib/gcc/msp430/4.6.3/mmpy-16/libcrt0.a(_clear_bss.o)
                0x00004028                __do_clear_bss
 *(.init5)
 *(.init6)
 *(.init7)
 *(.init8)
 *(.init9)
 .init9         0x0000403e      0x22a obj_sky/contiki-main.o
                0x0000403e                main
 *(.fini9)
 .fini9         0x00004268        0x0 /usr/lib/gcc/msp430/4.6.3/mmpy-16/libcrt0.a(__stop_progExec__.o)
                0x00004268                __stop_progExec__
 *(.fini8)
 *(.fini7)
 *(.fini6)
 *(.fini5)
 *(.fini4)
 *(.fini3)
 *(.fini2)
 *(.fini1)
 *(.fini0)
 .fini0         0x00004268        0x6 /usr/lib/gcc/msp430/4.6.3/mmpy-16/libcrt0.a(_endless_loop__.o)
                0x00004268                _endless_loop__
 *(.fini .fini.*)
                0x0000426e                . = ALIGN (0x2)
                0x0000426e                __ctors_start = .
 *(.ctors)
                0x0000426e                __ctors_end = .
                0x0000426e                __dtors_start = .
 *(.dtors)
                0x0000426e                __dtors_end = .
                0x0000426e                . = ALIGN (0x2)
 *(.text .text.* .gnu.linkonce.t.*)
 .text          0x0000426e        0x4 /usr/lib/gcc/msp430/4.6.3/mmpy-16/crt0ivtbl16.o
                0x0000426e                __isr_14
                0x0000426e                __isr_11
                0x0000426e                __isr_2
                0x0000426e                __isr_7
                0x0000426e                __isr_0
                0x0000426e                __isr_8
                0x0000426e                __isr_3
                0x0000426e                __isr_12
                0x0000426e                __isr_13
                0x0000426e                __isr_9
 .text.publish_led_off
                0x00004272        0xa mqtt-demo.o
 .text.mqtt_event
                0x0000427c      0x19e mqtt-demo.o
 .text.ipaddr_sprintf
                0x0000441a       0xb0 mqtt-demo.o
                0x0000441a                ipaddr_sprintf
 .text.process_thread_mqtt_demo_process
                0x000044ca      0x638 mqtt-demo.o
 .text.putchar  0x00004b02       0x10 contiki-ng-sky.a(uart1-putchar.o)
                0x00004b02                putchar
 .text.platform_init_stage_one
                0x00004b12       0x12 contiki-ng-sky.a(platform.o)
                0x00004b12                platform_init_stage_one
 .text.platform_init_stage_two
                0x00004b24       0x66 contiki-ng-sky.a(platform.o)
                0x00004b24                platform_init_stage_two
 .text.platform_init_stage_three
                0x00004b8a       0x7a contiki-ng-sky.a(platform.o)
                0x00004b8a                platform_init_stage_three
 .text.platform_idle
                0x00004c04       0x54 contiki-ng-sky.a(platform.o)
                0x00004c04                platform_idle
 .text.msp430_init_dco
                0x00004c58       0x84 contiki-ng-sky.a(msp430.o)
                0x00004c58                msp430_init_dco
 .text.msp430_add_lpm_req
                0x00004cdc        0xc contiki-ng-sky.a(msp430.o)
                0x00004cdc                msp430_add_lpm_req
 .text.msp430_cpu_init
                0x00004ce8       0x2a contiki-ng-sky.a(msp430.o)
                0x00004ce8                msp430_cpu_init
 .text.splhigh_
                0x00004d12        0x8 contiki-ng-sky.a(msp430.o)
                0x00004d12                splhigh_
 .text.msp430_sync_dco
                0x00004d1a       0x68 contiki-ng-sky.a(msp430.o)
                0x00004d1a                msp430_sync_dco
 .text.timera1  0x00004d82       0xdc contiki-ng-sky.a(clock.o)
                0x00004d82                __isr_5
                0x00004d82                timera1
 .text.clock_time
                0x00004e5e       0x1a contiki-ng-sky.a(clock.o)
                0x00004e5e                clock_time
 .text.clock_init
                0x00004e78       0x28 contiki-ng-sky.a(clock.o)
                0x00004e78                clock_init
 .text.clock_delay
                0x00004ea0        0xc contiki-ng-sky.a(clock.o)
                0x00004ea0                clock_delay
 .text.clock_seconds
                0x00004eac       0x1a contiki-ng-sky.a(clock.o)
                0x00004eac                clock_seconds
 .text.leds_init
                0x00004ec6        0x6 contiki-ng-sky.a(leds.o)
                0x00004ec6                leds_init
 .text.leds_on  0x00004ecc       0x12 contiki-ng-sky.a(leds.o)
                0x00004ecc                leds_on
 .text.leds_off
                0x00004ede       0x12 contiki-ng-sky.a(leds.o)
                0x00004ede                leds_off
 .text.leds_arch_init
                0x00004ef0        0xe contiki-ng-sky.a(leds-arch.o)
                0x00004ef0                leds_arch_init
 .text.leds_arch_get
                0x00004efe       0x36 contiki-ng-sky.a(leds-arch.o)
                0x00004efe                leds_arch_get
 .text.leds_arch_set
                0x00004f34       0x40 contiki-ng-sky.a(leds-arch.o)
                0x00004f34                leds_arch_set
 .text.watchdog_interrupt
                0x00004f74        0x6 contiki-ng-sky.a(watchdog.o)
                0x00004f74                __isr_10
                0x00004f74                watchdog_interrupt
 .text.watchdog_start
                0x00004f7a       0x14 contiki-ng-sky.a(watchdog.o)
                0x00004f7a                watchdog_start
 .text.watchdog_periodic
                0x00004f8e       0x12 contiki-ng-sky.a(watchdog.o)
                0x00004f8e                watchdog_periodic
 .text.watchdog_stop
                0x00004fa0       0x16 contiki-ng-sky.a(watchdog.o)
                0x00004fa0                watchdog_stop
 .text.watchdog_init
                0x00004fb6       0x14 contiki-ng-sky.a(watchdog.o)
                0x00004fb6                watchdog_init
 .text.encode_remaining_length
                0x00004fca       0x4c contiki-ng-sky.a(mqtt.o)
 .text.call_event
                0x00005016       0x1a contiki-ng-sky.a(mqtt.o)
 .text.reset_packet
                0x00005030       0x16 contiki-ng-sky.a(mqtt.o)
 .text.connect_tcp
                0x00005046       0x68 contiki-ng-sky.a(mqtt.o)
 .text.handle_publish
                0x000050ae       0x2e contiki-ng-sky.a(mqtt.o)
 .text.abort_connection
                0x000050dc       0x48 contiki-ng-sky.a(mqtt.o)
 .text.tcp_event
                0x00005124       0x92 contiki-ng-sky.a(mqtt.o)
 .text.tcp_input
                0x000051b6      0x49a contiki-ng-sky.a(mqtt.o)
 .text.string_to_mqtt_string
                0x00005650       0x26 contiki-ng-sky.a(mqtt.o)
 .text.keep_alive_callback
                0x00005676       0x3e contiki-ng-sky.a(mqtt.o)
 .text.send_out_buffer
                0x000056b4       0x52 contiki-ng-sky.a(mqtt.o)
 .text.write_byte
                0x00005706       0x26 contiki-ng-sky.a(mqtt.o)
 .text.write_bytes
                0x0000572c       0xca contiki-ng-sky.a(mqtt.o)
 .text.mqtt_init
                0x000057f6       0x76 contiki-ng-sky.a(mqtt.o)
                0x000057f6                mqtt_init
 .text.mqtt_register
                0x0000586c       0x78 contiki-ng-sky.a(mqtt.o)
                0x0000586c                mqtt_register
 .text.mqtt_connect
                0x000058e4       0x68 contiki-ng-sky.a(mqtt.o)
                0x000058e4                mqtt_connect
 .text.mqtt_disconnect
                0x0000594c       0x1e contiki-ng-sky.a(mqtt.o)
                0x0000594c                mqtt_disconnect
 .text.process_thread_mqtt_process
                0x0000596a     0x1158 contiki-ng-sky.a(mqtt.o)
 .text.mqtt_subscribe
                0x00006ac2       0x5a contiki-ng-sky.a(mqtt.o)
                0x00006ac2                mqtt_subscribe
 .text.mqtt_publish
                0x00006b1c       0x72 contiki-ng-sky.a(mqtt.o)
                0x00006b1c                mqtt_publish
 .text.mqtt_set_username_password
                0x00006b8e       0x4c contiki-ng-sky.a(mqtt.o)
                0x00006b8e                mqtt_set_username_password
 .text.autostart_start
                0x00006bda       0x16 contiki-ng-sky.a(autostart.o)
                0x00006bda                autostart_start
 .text.process_thread_ctimer_process
                0x00006bf0       0xa4 contiki-ng-sky.a(ctimer.o)
 .text.ctimer_init
                0x00006c94       0x18 contiki-ng-sky.a(ctimer.o)
                0x00006c94                ctimer_init
 .text.ctimer_set_with_process
                0x00006cac       0x4e contiki-ng-sky.a(ctimer.o)
                0x00006cac                ctimer_set_with_process
 .text.ctimer_set
                0x00006cfa       0x10 contiki-ng-sky.a(ctimer.o)
                0x00006cfa                ctimer_set
 .text.ctimer_reset
                0x00006d0a       0x30 contiki-ng-sky.a(ctimer.o)
                0x00006d0a                ctimer_reset
 .text.ctimer_restart
                0x00006d3a       0x30 contiki-ng-sky.a(ctimer.o)
                0x00006d3a                ctimer_restart
 .text.ctimer_stop
                0x00006d6a       0x28 contiki-ng-sky.a(ctimer.o)
                0x00006d6a                ctimer_stop
 .text.ctimer_expired
                0x00006d92       0x32 contiki-ng-sky.a(ctimer.o)
                0x00006d92                ctimer_expired
 .text.energest_init
                0x00006dc4        0x2 contiki-ng-sky.a(energest.o)
                0x00006dc4                energest_init
 .text.energest_flush
                0x00006dc6        0x2 contiki-ng-sky.a(energest.o)
                0x00006dc6                energest_flush
 .text.update_time
                0x00006dc8       0x78 contiki-ng-sky.a(etimer.o)
 .text.etimer_request_poll
                0x00006e40        0xa contiki-ng-sky.a(etimer.o)
                0x00006e40                etimer_request_poll
 .text.process_thread_etimer_process
                0x00006e4a       0xc8 contiki-ng-sky.a(etimer.o)
 .text.add_timer
                0x00006f12       0x40 contiki-ng-sky.a(etimer.o)
 .text.etimer_set
                0x00006f52       0x12 contiki-ng-sky.a(etimer.o)
                0x00006f52                etimer_set
 .text.etimer_reset
                0x00006f64       0x12 contiki-ng-sky.a(etimer.o)
                0x00006f64                etimer_reset
 .text.etimer_restart
                0x00006f76       0x12 contiki-ng-sky.a(etimer.o)
                0x00006f76                etimer_restart
 .text.etimer_expired
                0x00006f88        0xe contiki-ng-sky.a(etimer.o)
                0x00006f88                etimer_expired
 .text.etimer_pending
                0x00006f96        0xc contiki-ng-sky.a(etimer.o)
                0x00006f96                etimer_pending
 .text.etimer_next_expiration_time
                0x00006fa2       0x16 contiki-ng-sky.a(etimer.o)
                0x00006fa2                etimer_next_expiration_time
 .text.etimer_stop
                0x00006fb8       0x3c contiki-ng-sky.a(etimer.o)
                0x00006fb8                etimer_stop
 .text.log_6addr
                0x00006ff4       0x32 contiki-ng-sky.a(log.o)
                0x00006ff4                log_6addr
 .text.log_lladdr
                0x00007026       0x44 contiki-ng-sky.a(log.o)
                0x00007026                log_lladdr
 .text.call_process
                0x0000706a       0x4a contiki-ng-sky.a(process.o)
 .text.exit_process
                0x000070b4       0x96 contiki-ng-sky.a(process.o)
 .text.do_poll  0x0000714a       0x30 contiki-ng-sky.a(process.o)
 .text.process_alloc_event
                0x0000717a        0xe contiki-ng-sky.a(process.o)
                0x0000717a                process_alloc_event
 .text.process_init
                0x00007188       0x18 contiki-ng-sky.a(process.o)
                0x00007188                process_init
 .text.process_run
                0x000071a0       0x92 contiki-ng-sky.a(process.o)
                0x000071a0                process_run
 .text.process_nevents
                0x00007232        0xe contiki-ng-sky.a(process.o)
                0x00007232                process_nevents
 .text.process_post
                0x00007240       0x42 contiki-ng-sky.a(process.o)
                0x00007240                process_post
 .text.process_post_synch
                0x00007282       0x12 contiki-ng-sky.a(process.o)
                0x00007282                process_post_synch
 .text.process_start
                0x00007294       0x32 contiki-ng-sky.a(process.o)
                0x00007294                process_start
 .text.process_poll
                0x000072c6       0x18 contiki-ng-sky.a(process.o)
                0x000072c6                process_poll
 .text.rtimer_init
                0x000072de        0x6 contiki-ng-sky.a(rtimer.o)
                0x000072de                rtimer_init
 .text.rtimer_run_next
                0x000072e4       0x26 contiki-ng-sky.a(rtimer.o)
                0x000072e4                rtimer_run_next
 .text.node_id_init
                0x0000730a       0x14 contiki-ng-sky.a(node-id.o)
                0x0000730a                node_id_init
 .text.timer_set
                0x0000731e       0x1c contiki-ng-sky.a(timer.o)
                0x0000731e                timer_set
 .text.timer_reset
                0x0000733a        0xe contiki-ng-sky.a(timer.o)
                0x0000733a                timer_reset
 .text.timer_restart
                0x00007348       0x14 contiki-ng-sky.a(timer.o)
                0x00007348                timer_restart
 .text.timer_expired
                0x0000735c       0x2a contiki-ng-sky.a(timer.o)
                0x0000735c                timer_expired
 .text.list_init
                0x00007386        0x6 contiki-ng-sky.a(list.o)
                0x00007386                list_init
 .text.list_head
                0x0000738c        0x4 contiki-ng-sky.a(list.o)
                0x0000738c                list_head
 .text.list_tail
                0x00007390       0x12 contiki-ng-sky.a(list.o)
                0x00007390                list_tail
 .text.list_remove
                0x000073a2       0x34 contiki-ng-sky.a(list.o)
                0x000073a2                list_remove
 .text.list_push
                0x000073d6       0x1a contiki-ng-sky.a(list.o)
                0x000073d6                list_push
 .text.list_add
                0x000073f0       0x2a contiki-ng-sky.a(list.o)
                0x000073f0                list_add
 .text.list_length
                0x0000741a       0x10 contiki-ng-sky.a(list.o)
                0x0000741a                list_length
 .text.list_item_next
                0x0000742a        0xc contiki-ng-sky.a(list.o)
                0x0000742a                list_item_next
 .text.random_init
                0x00007436        0x6 contiki-ng-sky.a(random.o)
                0x00007436                random_init
 .text.random_rand
                0x0000743c        0x6 contiki-ng-sky.a(random.o)
                0x0000743c                random_rand
 .text.netstack_process_ip_callback
                0x00007442       0x52 contiki-ng-sky.a(netstack.o)
                0x00007442                netstack_process_ip_callback
 .text.netstack_init
                0x00007494        0xe contiki-ng-sky.a(netstack.o)
                0x00007494                netstack_init
 .text.linkaddr_copy
                0x000074a2        0x8 contiki-ng-sky.a(linkaddr.o)
                0x000074a2                linkaddr_copy
 .text.linkaddr_cmp
                0x000074aa       0x12 contiki-ng-sky.a(linkaddr.o)
                0x000074aa                linkaddr_cmp
 .text.linkaddr_set_node_addr
                0x000074bc        0xc contiki-ng-sky.a(linkaddr.o)
                0x000074bc                linkaddr_set_node_addr
 .text.on       0x000074c8        0x6 contiki-ng-sky.a(csma.o)
 .text.off      0x000074ce        0x6 contiki-ng-sky.a(csma.o)
 .text.send_packet
                0x000074d4        0x6 contiki-ng-sky.a(csma.o)
 .text.init     0x000074da        0xa contiki-ng-sky.a(csma.o)
 .text.input_packet
                0x000074e4       0x40 contiki-ng-sky.a(csma.o)
 .text.schedule_transmission
                0x00007524       0x72 contiki-ng-sky.a(csma-output.o)
 .text.tx_done  0x00007596       0x9a contiki-ng-sky.a(csma-output.o)
 .text.transmit_from_queue
                0x00007630      0x1dc contiki-ng-sky.a(csma-output.o)
 .text.csma_output_packet
                0x0000780c      0x180 contiki-ng-sky.a(csma-output.o)
                0x0000780c                csma_output_packet
 .text.csma_output_init
                0x0000798c       0x1e contiki-ng-sky.a(csma-output.o)
                0x0000798c                csma_output_init
 .text.uip_ds6_list_loop
                0x000079aa       0x92 contiki-ng-sky.a(uip-ds6.o)
                0x000079aa                uip_ds6_list_loop
 .text.uip_ds6_prefix_add
                0x00007a3c       0x80 contiki-ng-sky.a(uip-ds6.o)
                0x00007a3c                uip_ds6_prefix_add
 .text.uip_ds6_is_addr_onlink
                0x00007abc       0x54 contiki-ng-sky.a(uip-ds6.o)
                0x00007abc                uip_ds6_is_addr_onlink
 .text.uip_ds6_addr_lookup
                0x00007b10       0x2a contiki-ng-sky.a(uip-ds6.o)
                0x00007b10                uip_ds6_addr_lookup
 .text.uip_ds6_get_link_local
                0x00007b3a       0x3e contiki-ng-sky.a(uip-ds6.o)
                0x00007b3a                uip_ds6_get_link_local
 .text.uip_ds6_get_global
                0x00007b78       0x3e contiki-ng-sky.a(uip-ds6.o)
                0x00007b78                uip_ds6_get_global
 .text.uip_ds6_maddr_add
                0x00007bb6       0x4c contiki-ng-sky.a(uip-ds6.o)
                0x00007bb6                uip_ds6_maddr_add
 .text.uip_ds6_addr_add
                0x00007c02       0xc4 contiki-ng-sky.a(uip-ds6.o)
                0x00007c02                uip_ds6_addr_add
 .text.uip_ds6_maddr_lookup
                0x00007cc6       0x2a contiki-ng-sky.a(uip-ds6.o)
                0x00007cc6                uip_ds6_maddr_lookup
 .text.uip_ds6_addr_rm
                0x00007cf0       0x54 contiki-ng-sky.a(uip-ds6.o)
                0x00007cf0                uip_ds6_addr_rm
 .text.uip_ds6_periodic
                0x00007d44       0x46 contiki-ng-sky.a(uip-ds6.o)
                0x00007d44                uip_ds6_periodic
 .text.uip_ds6_set_addr_iid
                0x00007d8a       0x14 contiki-ng-sky.a(uip-ds6.o)
                0x00007d8a                uip_ds6_set_addr_iid
 .text.uip_ds6_set_lladdr_from_iid
                0x00007d9e       0x14 contiki-ng-sky.a(uip-ds6.o)
                0x00007d9e                uip_ds6_set_lladdr_from_iid
 .text.get_match_length
                0x00007db2       0x3e contiki-ng-sky.a(uip-ds6.o)
                0x00007db2                get_match_length
 .text.uip_ds6_select_src
                0x00007df0       0xaa contiki-ng-sky.a(uip-ds6.o)
                0x00007df0                uip_ds6_select_src
 .text.uip_ds6_compute_reachable_time
                0x00007e9a       0x3e contiki-ng-sky.a(uip-ds6.o)
                0x00007e9a                uip_ds6_compute_reachable_time
 .text.uip_ds6_init
                0x00007ed8      0x152 contiki-ng-sky.a(uip-ds6.o)
                0x00007ed8                uip_ds6_init
 .text.call_event
                0x0000802a       0x1a contiki-ng-sky.a(tcp-socket.o)
 .text.relisten
                0x00008044       0x10 contiki-ng-sky.a(tcp-socket.o)
 .text.newdata  0x00008054       0x54 contiki-ng-sky.a(tcp-socket.o)
 .text.senddata
                0x000080a8       0x2e contiki-ng-sky.a(tcp-socket.o)
 .text.process_thread_tcp_socket_process
                0x000080d6      0x1fe contiki-ng-sky.a(tcp-socket.o)
 .text.tcp_socket_register
                0x000082d4       0x7a contiki-ng-sky.a(tcp-socket.o)
                0x000082d4                tcp_socket_register
 .text.tcp_socket_connect
                0x0000834e       0x58 contiki-ng-sky.a(tcp-socket.o)
                0x0000834e                tcp_socket_connect
 .text.tcp_socket_unlisten
                0x000083a6       0x3a contiki-ng-sky.a(tcp-socket.o)
                0x000083a6                tcp_socket_unlisten
 .text.tcp_socket_send
                0x000083e0       0x4e contiki-ng-sky.a(tcp-socket.o)
                0x000083e0                tcp_socket_send
 .text.tcp_socket_close
                0x0000842e       0x10 contiki-ng-sky.a(tcp-socket.o)
                0x0000842e                tcp_socket_close
 .text.tcp_socket_unregister
                0x0000843e       0x2e contiki-ng-sky.a(tcp-socket.o)
                0x0000843e                tcp_socket_unregister
 .text.start_periodic_tcp_timer
                0x0000846c       0x16 contiki-ng-sky.a(tcpip.o)
 .text.tcpip_output
                0x00008482       0x2a contiki-ng-sky.a(tcpip.o)
                0x00008482                tcpip_output
 .text.tcp_unlisten
                0x000084ac       0x26 contiki-ng-sky.a(tcpip.o)
                0x000084ac                tcp_unlisten
 .text.tcp_attach
                0x000084d2        0xc contiki-ng-sky.a(tcpip.o)
                0x000084d2                tcp_attach
 .text.tcpip_input
                0x000084de       0x26 contiki-ng-sky.a(tcpip.o)
                0x000084de                tcpip_input
 .text.tcpip_ipv6_output
                0x00008504      0x112 contiki-ng-sky.a(tcpip.o)
                0x00008504                tcpip_ipv6_output
 .text.packet_input.part.4
                0x00008616       0x26 contiki-ng-sky.a(tcpip.o)
 .text.process_thread_tcpip_process
                0x0000863c      0x188 contiki-ng-sky.a(tcpip.o)
 .text.tcpip_poll_tcp
                0x000087c4        0xe contiki-ng-sky.a(tcpip.o)
                0x000087c4                tcpip_poll_tcp
 .text.tcp_connect
                0x000087d2       0x26 contiki-ng-sky.a(tcpip.o)
                0x000087d2                tcp_connect
 .text.tcpip_uipcall
                0x000087f8       0x64 contiki-ng-sky.a(tcpip.o)
                0x000087f8                tcpip_uipcall
 .text.uip_ds6_route_init
                0x0000885c       0x12 contiki-ng-sky.a(uip-ds6-route.o)
                0x0000885c                uip_ds6_route_init
 .text.uip_ds6_route_nexthop
                0x0000886e        0x4 contiki-ng-sky.a(uip-ds6-route.o)
                0x0000886e                uip_ds6_route_nexthop
 .text.uip_ds6_route_lookup
                0x00008872        0x4 contiki-ng-sky.a(uip-ds6-route.o)
                0x00008872                uip_ds6_route_lookup
 .text.uip_ds6_route_rm
                0x00008876        0x2 contiki-ng-sky.a(uip-ds6-route.o)
                0x00008876                uip_ds6_route_rm
 .text.uip_ds6_defrt_rm
                0x00008878       0x3c contiki-ng-sky.a(uip-ds6-route.o)
                0x00008878                uip_ds6_defrt_rm
 .text.uip_ds6_defrt_lookup
                0x000088b4       0x3e contiki-ng-sky.a(uip-ds6-route.o)
                0x000088b4                uip_ds6_defrt_lookup
 .text.uip_ds6_defrt_add
                0x000088f2       0x72 contiki-ng-sky.a(uip-ds6-route.o)
                0x000088f2                uip_ds6_defrt_add
 .text.uip_ds6_defrt_choose
                0x00008964       0x3a contiki-ng-sky.a(uip-ds6-route.o)
                0x00008964                uip_ds6_defrt_choose
 .text.uip_ds6_defrt_periodic
                0x0000899e       0x38 contiki-ng-sky.a(uip-ds6-route.o)
                0x0000899e                uip_ds6_defrt_periodic
 .text.chksum   0x000089d6       0x32 contiki-ng-sky.a(uip6.o)
 .text.upper_layer_chksum
                0x00008a08       0x56 contiki-ng-sky.a(uip6.o)
 .text.ext_hdr_options_process
                0x00008a5e       0xda contiki-ng-sky.a(uip6.o)
 .text.uip_add32
                0x00008b38       0x68 contiki-ng-sky.a(uip6.o)
                0x00008b38                uip_add32
 .text.unlikely.uip_add_rcv_nxt
                0x00008ba0       0x2e contiki-ng-sky.a(uip6.o)
 .text.uip_icmp6chksum
                0x00008bce        0xa contiki-ng-sky.a(uip6.o)
                0x00008bce                uip_icmp6chksum
 .text.uip_tcpchksum
                0x00008bd8        0xa contiki-ng-sky.a(uip6.o)
                0x00008bd8                uip_tcpchksum
 .text.uip_udpchksum
                0x00008be2        0xa contiki-ng-sky.a(uip6.o)
                0x00008be2                uip_udpchksum
 .text.uip_init
                0x00008bec       0x62 contiki-ng-sky.a(uip6.o)
                0x00008bec                uip_init
 .text.uip_connect
                0x00008c4e      0x11a contiki-ng-sky.a(uip6.o)
                0x00008c4e                uip_connect
 .text.remove_ext_hdr
                0x00008d68       0x64 contiki-ng-sky.a(uip6.o)
                0x00008d68                remove_ext_hdr
 .text.uip_unlisten
                0x00008dcc       0x20 contiki-ng-sky.a(uip6.o)
                0x00008dcc                uip_unlisten
 .text.uip_process
                0x00008dec      0xe2e contiki-ng-sky.a(uip6.o)
                0x00008dec                uip_process
 .text.uip_htons
                0x00009c1a        0xc contiki-ng-sky.a(uip6.o)
                0x00009c1a                uip_htons
 .text.uip_htonl
                0x00009c26       0x2e contiki-ng-sky.a(uip6.o)
                0x00009c26                uip_htonl
 .text.uip_send
                0x00009c54       0x74 contiki-ng-sky.a(uip6.o)
                0x00009c54                uip_send
 .text.uip_ds6_nbr_rm
                0x00009cc8       0x1e contiki-ng-sky.a(uip-ds6-nbr.o)
                0x00009cc8                uip_ds6_nbr_rm
 .text.uip_ds6_neighbors_init
                0x00009ce6       0x12 contiki-ng-sky.a(uip-ds6-nbr.o)
                0x00009ce6                uip_ds6_neighbors_init
 .text.uip_ds6_nbr_add
                0x00009cf8       0x3e contiki-ng-sky.a(uip-ds6-nbr.o)
                0x00009cf8                uip_ds6_nbr_add
 .text.uip_ds6_nbr_get_ll
                0x00009d36        0xc contiki-ng-sky.a(uip-ds6-nbr.o)
                0x00009d36                uip_ds6_nbr_get_ll
 .text.uip_ds6_nbr_lookup
                0x00009d42       0x42 contiki-ng-sky.a(uip-ds6-nbr.o)
                0x00009d42                uip_ds6_nbr_lookup
 .text.uip_ds6_nbr_ll_lookup
                0x00009d84        0xc contiki-ng-sky.a(uip-ds6-nbr.o)
                0x00009d84                uip_ds6_nbr_ll_lookup
 .text.uip_ds6_nbr_update_ll
                0x00009d90       0x76 contiki-ng-sky.a(uip-ds6-nbr.o)
                0x00009d90                uip_ds6_nbr_update_ll
 .text.uip_ds6_nbr_ipaddr_from_lladdr
                0x00009e06        0x6 contiki-ng-sky.a(uip-ds6-nbr.o)
                0x00009e06                uip_ds6_nbr_ipaddr_from_lladdr
 .text.uip_ds6_nbr_lladdr_from_ipaddr
                0x00009e0c       0x12 contiki-ng-sky.a(uip-ds6-nbr.o)
                0x00009e0c                uip_ds6_nbr_lladdr_from_ipaddr
 .text.uip_ds6_link_callback
                0x00009e1e        0x2 contiki-ng-sky.a(uip-ds6-nbr.o)
                0x00009e1e                uip_ds6_link_callback
 .text.ns_input
                0x00009e20      0x264 contiki-ng-sky.a(uip-nd6.o)
 .text.uip_nd6_init
                0x0000a084        0xa contiki-ng-sky.a(uip-nd6.o)
                0x0000a084                uip_nd6_init
 .text.clear_fragments
                0x0000a08e       0x42 contiki-ng-sky.a(sicslowpan.o)
 .text.addr_context_lookup_by_number
                0x0000a0d0       0x1a contiki-ng-sky.a(sicslowpan.o)
 .text.set_packet_attrs
                0x0000a0ea       0x48 contiki-ng-sky.a(sicslowpan.o)
 .text.compress_addr_64
                0x0000a132       0xae contiki-ng-sky.a(sicslowpan.o)
 .text.addr_context_lookup_by_prefix
                0x0000a1e0       0x24 contiki-ng-sky.a(sicslowpan.o)
 .text.send_packet
                0x0000a204       0x1a contiki-ng-sky.a(sicslowpan.o)
 .text.packet_sent
                0x0000a21e       0x56 contiki-ng-sky.a(sicslowpan.o)
 .text.store_fragment
                0x0000a274       0xc8 contiki-ng-sky.a(sicslowpan.o)
 .text.add_fragment
                0x0000a33c      0x200 contiki-ng-sky.a(sicslowpan.o)
 .text.uncompress_addr
                0x0000a53c       0xb4 contiki-ng-sky.a(sicslowpan.o)
 .text.sicslowpan_init
                0x0000a5f0       0x1c contiki-ng-sky.a(sicslowpan.o)
                0x0000a5f0                sicslowpan_init
 .text.fragment_copy_payload_and_send
                0x0000a60c       0x64 contiki-ng-sky.a(sicslowpan.o)
 .text.output   0x0000a670      0x816 contiki-ng-sky.a(sicslowpan.o)
 .text.input    0x0000ae86      0x88e contiki-ng-sky.a(sicslowpan.o)
 .text.uiplib_ip6addrconv
                0x0000b714      0x10e contiki-ng-sky.a(uiplib.o)
                0x0000b714                uiplib_ip6addrconv
 .text.uiplib_ipaddr_snprint
                0x0000b822      0x12a contiki-ng-sky.a(uiplib.o)
                0x0000b822                uiplib_ipaddr_snprint
 .text.rpl_has_joined
                0x0000b94c       0x16 contiki-ng-sky.a(rpl.o)
                0x0000b94c                rpl_has_joined
 .text.rpl_is_reachable
                0x0000b962       0x16 contiki-ng-sky.a(rpl.o)
                0x0000b962                rpl_is_reachable
 .text.neighbor_state_changed
                0x0000b978        0x2 contiki-ng-sky.a(rpl.o)
 .text.drop_route
                0x0000b97a        0x2 contiki-ng-sky.a(rpl.o)
 .text.get_sr_node_ipaddr
                0x0000b97c       0x34 contiki-ng-sky.a(rpl.o)
 .text.init     0x0000b9b0       0x42 contiki-ng-sky.a(rpl.o)
 .text.set_ip_from_prefix
                0x0000b9f2       0x38 contiki-ng-sky.a(rpl.o)
 .text.rpl_link_callback
                0x0000ba2a       0x1e contiki-ng-sky.a(rpl.o)
                0x0000ba2a                rpl_link_callback
 .text.rpl_lollipop_greater_than
                0x0000ba48       0x44 contiki-ng-sky.a(rpl.o)
                0x0000ba48                rpl_lollipop_greater_than
 .text.rpl_get_global_address
                0x0000ba8c       0xba contiki-ng-sky.a(rpl.o)
                0x0000ba8c                rpl_get_global_address
 .text.rpl_reset_prefix
                0x0000bb46       0x24 contiki-ng-sky.a(rpl.o)
                0x0000bb46                rpl_reset_prefix
 .text.rpl_set_prefix_from_addr
                0x0000bb6a       0x92 contiki-ng-sky.a(rpl.o)
                0x0000bb6a                rpl_set_prefix_from_addr
 .text.rpl_get_leaf_only
                0x0000bbfc        0x6 contiki-ng-sky.a(rpl.o)
                0x0000bbfc                rpl_get_leaf_only
 .text.get32    0x0000bc02       0x46 contiki-ng-sky.a(rpl-icmp6.o)
 .text.set32    0x0000bc48       0x2a contiki-ng-sky.a(rpl-icmp6.o)
 .text.get16    0x0000bc72        0xe contiki-ng-sky.a(rpl-icmp6.o)
 .text.set16    0x0000bc80       0x10 contiki-ng-sky.a(rpl-icmp6.o)
 .text.dao_ack_input
                0x0000bc90       0x32 contiki-ng-sky.a(rpl-icmp6.o)
 .text.dao_input
                0x0000bcc2      0x156 contiki-ng-sky.a(rpl-icmp6.o)
 .text.dio_input
                0x0000be18      0x2a8 contiki-ng-sky.a(rpl-icmp6.o)
 .text.dis_input
                0x0000c0c0       0x26 contiki-ng-sky.a(rpl-icmp6.o)
 .text.rpl_icmp6_update_nbr_table
                0x0000c0e6       0x36 contiki-ng-sky.a(rpl-icmp6.o)
                0x0000c0e6                rpl_icmp6_update_nbr_table
 .text.rpl_icmp6_dis_output
                0x0000c11c       0x34 contiki-ng-sky.a(rpl-icmp6.o)
                0x0000c11c                rpl_icmp6_dis_output
 .text.rpl_icmp6_dio_output
                0x0000c150      0x22e contiki-ng-sky.a(rpl-icmp6.o)
                0x0000c150                rpl_icmp6_dio_output
 .text.rpl_icmp6_dao_output
                0x0000c37e       0xe4 contiki-ng-sky.a(rpl-icmp6.o)
                0x0000c37e                rpl_icmp6_dao_output
 .text.rpl_icmp6_dao_ack_output
                0x0000c462       0x44 contiki-ng-sky.a(rpl-icmp6.o)
                0x0000c462                rpl_icmp6_dao_ack_output
 .text.rpl_icmp6_init
                0x0000c4a6       0x22 contiki-ng-sky.a(rpl-icmp6.o)
                0x0000c4a6                rpl_icmp6_init
 .text.init_dag
                0x0000c4c8       0x86 contiki-ng-sky.a(rpl-dag.o)
 .text.init_dag_from_dio
                0x0000c54e       0x96 contiki-ng-sky.a(rpl-dag.o)
 .text.rpl_dag_get_root_ipaddr
                0x0000c5e4       0x22 contiki-ng-sky.a(rpl-dag.o)
                0x0000c5e4                rpl_dag_get_root_ipaddr
 .text.rpl_dag_leave
                0x0000c606       0x4c contiki-ng-sky.a(rpl-dag.o)
                0x0000c606                rpl_dag_leave
 .text.rpl_dag_poison_and_leave
                0x0000c652        0xc contiki-ng-sky.a(rpl-dag.o)
                0x0000c652                rpl_dag_poison_and_leave
 .text.rpl_dag_periodic
                0x0000c65e       0x6a contiki-ng-sky.a(rpl-dag.o)
                0x0000c65e                rpl_dag_periodic
 .text.rpl_is_addr_in_our_dag
                0x0000c6c8       0x34 contiki-ng-sky.a(rpl-dag.o)
                0x0000c6c8                rpl_is_addr_in_our_dag
 .text.rpl_local_repair
                0x0000c6fc       0x2a contiki-ng-sky.a(rpl-dag.o)
                0x0000c6fc                rpl_local_repair
 .text.rpl_global_repair
                0x0000c726       0x2e contiki-ng-sky.a(rpl-dag.o)
                0x0000c726                rpl_global_repair
 .text.rpl_dag_ready_to_advertise
                0x0000c754       0x26 contiki-ng-sky.a(rpl-dag.o)
                0x0000c754                rpl_dag_ready_to_advertise
 .text.rpl_dag_update_state
                0x0000c77a      0x138 contiki-ng-sky.a(rpl-dag.o)
                0x0000c77a                rpl_dag_update_state
 .text.rpl_process_dio
                0x0000c8b2      0x1b0 contiki-ng-sky.a(rpl-dag.o)
                0x0000c8b2                rpl_process_dio
 .text.rpl_process_dis
                0x0000ca62       0x2a contiki-ng-sky.a(rpl-dag.o)
                0x0000ca62                rpl_process_dis
 .text.rpl_process_dao
                0x0000ca8c       0x66 contiki-ng-sky.a(rpl-dag.o)
                0x0000ca8c                rpl_process_dao
 .text.rpl_process_dao_ack
                0x0000caf2       0x54 contiki-ng-sky.a(rpl-dag.o)
                0x0000caf2                rpl_process_dao_ack
 .text.rpl_process_hbh
                0x0000cb46       0x2e contiki-ng-sky.a(rpl-dag.o)
                0x0000cb46                rpl_process_hbh
 .text.rpl_dag_init_root
                0x0000cb74       0xbe contiki-ng-sky.a(rpl-dag.o)
                0x0000cb74                rpl_dag_init_root
 .text.rpl_dag_init
                0x0000cc32       0x10 contiki-ng-sky.a(rpl-dag.o)
                0x0000cc32                rpl_dag_init
 .text.rpl_dag_root_set_prefix
                0x0000cc42       0x74 contiki-ng-sky.a(rpl-dag-root.o)
                0x0000cc42                rpl_dag_root_set_prefix
 .text.rpl_dag_root_start
                0x0000ccb6       0x8c contiki-ng-sky.a(rpl-dag-root.o)
                0x0000ccb6                rpl_dag_root_start
 .text.rpl_dag_root_is_root
                0x0000cd42       0x18 contiki-ng-sky.a(rpl-dag-root.o)
                0x0000cd42                rpl_dag_root_is_root
 .text.init_platform
                0x0000cd5a        0xc contiki-ng-sky.a(contiki-sky-pla)
                0x0000cd5a                init_platform
 .text.status   0x0000cd66       0x16 contiki-ng-sky.a(button-sensor.o)
 .text.configure
                0x0000cd7c       0x52 contiki-ng-sky.a(button-sensor.o)
 .text.value    0x0000cdce       0x22 contiki-ng-sky.a(button-sensor.o)
 .text.irq_p2   0x0000cdf0       0x48 contiki-ng-sky.a(button-sensor.o)
                0x0000cdf0                irq_p2
                0x0000cdf0                __isr_1
 .text.owreadb  0x0000ce38       0x52 contiki-ng-sky.a(ds2411.o)
 .text.ds2411_init
                0x0000ce8a      0x122 contiki-ng-sky.a(ds2411.o)
                0x0000ce8a                ds2411_init
 .text.xmem_init
                0x0000cfac       0x3e contiki-ng-sky.a(xmem.o)
                0x0000cfac                xmem_init
 .text.process_thread_sensors_process
                0x0000cfea       0xbe contiki-ng-sky.a(sensors.o)
 .text.sensors_changed
                0x0000d0a8       0x2a contiki-ng-sky.a(sensors.o)
                0x0000d0a8                sensors_changed
 .text.get_object
                0x0000d0d2        0x4 contiki-ng-sky.a(cc2420.o)
 .text.set_object
                0x0000d0d6        0x4 contiki-ng-sky.a(cc2420.o)
 .text.strobe   0x0000d0da       0x20 contiki-ng-sky.a(cc2420.o)
 .text.getreg   0x0000d0fa       0x54 contiki-ng-sky.a(cc2420.o)
 .text.setreg   0x0000d14e       0x52 contiki-ng-sky.a(cc2420.o)
 .text.write_ram
                0x0000d1a0       0x80 contiki-ng-sky.a(cc2420.o)
 .text.write_fifo_buf
                0x0000d220       0x40 contiki-ng-sky.a(cc2420.o)
 .text.get_status
                0x0000d260       0x24 contiki-ng-sky.a(cc2420.o)
 .text.on       0x0000d284       0x1a contiki-ng-sky.a(cc2420.o)
 .text.cc2420_receiving_packet
                0x0000d29e        0xe contiki-ng-sky.a(cc2420.o)
 .text.pending_packet
                0x0000d2ac        0x8 contiki-ng-sky.a(cc2420.o)
 .text.wait_for_transmission
                0x0000d2b4       0x22 contiki-ng-sky.a(cc2420.o)
 .text.wait_for_status
                0x0000d2d6       0x2a contiki-ng-sky.a(cc2420.o)
 .text.getrxdata
                0x0000d300       0x56 contiki-ng-sky.a(cc2420.o)
 .text.flushrx  0x0000d356       0x1a contiki-ng-sky.a(cc2420.o)
 .text.off      0x0000d370       0x2c contiki-ng-sky.a(cc2420.o)
 .text.RELEASE_LOCK
                0x0000d39c       0x28 contiki-ng-sky.a(cc2420.o)
 .text.set_key  0x0000d3c4       0x18 contiki-ng-sky.a(cc2420.o)
 .text.set_frame_filtering
                0x0000d3dc       0x30 contiki-ng-sky.a(cc2420.o)
 .text.set_auto_ack
                0x0000d40c       0x30 contiki-ng-sky.a(cc2420.o)
 .text.set_poll_mode
                0x0000d43c       0x36 contiki-ng-sky.a(cc2420.o)
 .text.cc2420_prepare
                0x0000d472       0x3c contiki-ng-sky.a(cc2420.o)
 .text.cc2420_on
                0x0000d4ae       0x22 contiki-ng-sky.a(cc2420.o)
                0x0000d4ae                cc2420_on
 .text.cc2420_transmit
                0x0000d4d0       0x62 contiki-ng-sky.a(cc2420.o)
 .text.cc2420_send
                0x0000d532       0x12 contiki-ng-sky.a(cc2420.o)
 .text.cc2420_off
                0x0000d544       0x30 contiki-ng-sky.a(cc2420.o)
                0x0000d544                cc2420_off
 .text.cc2420_cca
                0x0000d574       0x5e contiki-ng-sky.a(cc2420.o)
 .text.cc2420_read
                0x0000d5d2       0xc2 contiki-ng-sky.a(cc2420.o)
 .text.process_thread_cc2420_process
                0x0000d694       0x5e contiki-ng-sky.a(cc2420.o)
 .text.encrypt  0x0000d6f2       0x8e contiki-ng-sky.a(cc2420.o)
 .text.cc2420_set_channel
                0x0000d780       0x3c contiki-ng-sky.a(cc2420.o)
                0x0000d780                cc2420_set_channel
 .text.cc2420_set_pan_addr
                0x0000d7bc       0x4c contiki-ng-sky.a(cc2420.o)
                0x0000d7bc                cc2420_set_pan_addr
 .text.cc2420_interrupt
                0x0000d808       0x18 contiki-ng-sky.a(cc2420.o)
                0x0000d808                cc2420_interrupt
 .text.cc2420_set_txpower
                0x0000d820       0x2e contiki-ng-sky.a(cc2420.o)
                0x0000d820                cc2420_set_txpower
 .text.cc2420_get_txpower
                0x0000d84e       0x1e contiki-ng-sky.a(cc2420.o)
                0x0000d84e                cc2420_get_txpower
 .text.cc2420_rssi
                0x0000d86c       0x4c contiki-ng-sky.a(cc2420.o)
                0x0000d86c                cc2420_rssi
 .text.get_value
                0x0000d8b8      0x108 contiki-ng-sky.a(cc2420.o)
 .text.cc2420_set_cca_threshold
                0x0000d9c0       0x16 contiki-ng-sky.a(cc2420.o)
                0x0000d9c0                cc2420_set_cca_threshold
 .text.set_value
                0x0000d9d6       0xba contiki-ng-sky.a(cc2420.o)
 .text.cc2420_init
                0x0000da90       0xf0 contiki-ng-sky.a(cc2420.o)
                0x0000da90                cc2420_init
 .text.cc2420_port1_interrupt
                0x0000db80       0x20 contiki-ng-sky.a(cc2420-arch.o)
                0x0000db80                __isr_4
                0x0000db80                cc2420_port1_interrupt
 .text.cc2420_arch_init
                0x0000dba0       0x1a contiki-ng-sky.a(cc2420-arch.o)
                0x0000dba0                cc2420_arch_init
 .text.uart1_active
                0x0000dbba       0x1a contiki-ng-sky.a(uart1.o)
                0x0000dbba                uart1_active
 .text.uart1_writeb
                0x0000dbd4       0x1a contiki-ng-sky.a(uart1.o)
                0x0000dbd4                uart1_writeb
 .text.uart1_init
                0x0000dbee       0xf6 contiki-ng-sky.a(uart1.o)
                0x0000dbee                uart1_init
 .text.timera0  0x0000dce4       0x2e contiki-ng-sky.a(rtimer-arch.o)
                0x0000dce4                __isr_6
                0x0000dce4                timera0
 .text.rtimer_arch_init
                0x0000dd12        0xe contiki-ng-sky.a(rtimer-arch.o)
                0x0000dd12                rtimer_arch_init
 .text.rtimer_arch_now
                0x0000dd20        0xe contiki-ng-sky.a(rtimer-arch.o)
                0x0000dd20                rtimer_arch_now
 .text.rtimer_arch_schedule
                0x0000dd2e        0x6 contiki-ng-sky.a(rtimer-arch.o)
                0x0000dd2e                rtimer_arch_schedule
 .text.stimer_set
                0x0000dd34       0x1c contiki-ng-sky.a(stimer.o)
                0x0000dd34                stimer_set
 .text.stimer_expired
                0x0000dd50       0x30 contiki-ng-sky.a(stimer.o)
                0x0000dd50                stimer_expired
 .text.memb_init
                0x0000dd80       0x36 contiki-ng-sky.a(memb.o)
                0x0000dd80                memb_init
 .text.memb_alloc
                0x0000ddb6       0x3e contiki-ng-sky.a(memb.o)
                0x0000ddb6                memb_alloc
 .text.memb_free
                0x0000ddf4       0x3a contiki-ng-sky.a(memb.o)
                0x0000ddf4                memb_free
 .text.memb_inmemb
                0x0000de2e       0x2e contiki-ng-sky.a(memb.o)
                0x0000de2e                memb_inmemb
 .text.memb_numfree
                0x0000de5c       0x26 contiki-ng-sky.a(memb.o)
                0x0000de5c                memb_numfree
 .text.queuebuf_init
                0x0000de82       0x12 contiki-ng-sky.a(queuebuf.o)
                0x0000de82                queuebuf_init
 .text.queuebuf_numfree
                0x0000de94        0xa contiki-ng-sky.a(queuebuf.o)
                0x0000de94                queuebuf_numfree
 .text.queuebuf_new_from_packetbuf
                0x0000de9e       0x52 contiki-ng-sky.a(queuebuf.o)
                0x0000de9e                queuebuf_new_from_packetbuf
 .text.queuebuf_update_attr_from_packetbuf
                0x0000def0       0x12 contiki-ng-sky.a(queuebuf.o)
                0x0000def0                queuebuf_update_attr_from_packetbuf
 .text.queuebuf_free
                0x0000df02       0x2a contiki-ng-sky.a(queuebuf.o)
                0x0000df02                queuebuf_free
 .text.queuebuf_to_packetbuf
                0x0000df2c       0x32 contiki-ng-sky.a(queuebuf.o)
                0x0000df2c                queuebuf_to_packetbuf
 .text.queuebuf_attr
                0x0000df5e        0xe contiki-ng-sky.a(queuebuf.o)
                0x0000df5e                queuebuf_attr
 .text.index_from_key
                0x0000df6c       0x48 contiki-ng-sky.a(nbr-table.o)
 .text.item_from_key
                0x0000dfb4       0x34 contiki-ng-sky.a(nbr-table.o)
 .text.nbr_set_bit
                0x0000dfe8       0x8e contiki-ng-sky.a(nbr-table.o)
 .text.index_from_lladdr
                0x0000e076       0x42 contiki-ng-sky.a(nbr-table.o)
 .text.nbr_get_bit.constprop.0
                0x0000e0b8       0x62 contiki-ng-sky.a(nbr-table.o)
 .text.nbr_table_is_registered
                0x0000e11a       0x26 contiki-ng-sky.a(nbr-table.o)
                0x0000e11a                nbr_table_is_registered
 .text.nbr_table_register
                0x0000e140       0x42 contiki-ng-sky.a(nbr-table.o)
                0x0000e140                nbr_table_register
 .text.nbr_table_next
                0x0000e182       0x90 contiki-ng-sky.a(nbr-table.o)
                0x0000e182                nbr_table_next
 .text.nbr_table_head
                0x0000e212       0x36 contiki-ng-sky.a(nbr-table.o)
                0x0000e212                nbr_table_head
 .text.nbr_table_add_lladdr
                0x0000e248      0x180 contiki-ng-sky.a(nbr-table.o)
                0x0000e248                nbr_table_add_lladdr
 .text.nbr_table_get_from_lladdr
                0x0000e3c8       0x48 contiki-ng-sky.a(nbr-table.o)
                0x0000e3c8                nbr_table_get_from_lladdr
 .text.nbr_table_remove
                0x0000e410       0x32 contiki-ng-sky.a(nbr-table.o)
                0x0000e410                nbr_table_remove
 .text.nbr_table_lock
                0x0000e442       0x10 contiki-ng-sky.a(nbr-table.o)
                0x0000e442                nbr_table_lock
 .text.nbr_table_unlock
                0x0000e452       0x10 contiki-ng-sky.a(nbr-table.o)
                0x0000e452                nbr_table_unlock
 .text.nbr_table_get_lladdr
                0x0000e462       0x5a contiki-ng-sky.a(nbr-table.o)
                0x0000e462                nbr_table_get_lladdr
 .text.packetbuf_hdrreduce
                0x0000e4bc       0x1a contiki-ng-sky.a(packetbuf.o)
                0x0000e4bc                packetbuf_hdrreduce
 .text.packetbuf_set_datalen
                0x0000e4d6        0x6 contiki-ng-sky.a(packetbuf.o)
                0x0000e4d6                packetbuf_set_datalen
 .text.packetbuf_hdrptr
                0x0000e4dc        0x6 contiki-ng-sky.a(packetbuf.o)
                0x0000e4dc                packetbuf_hdrptr
 .text.packetbuf_datalen
                0x0000e4e2        0x6 contiki-ng-sky.a(packetbuf.o)
                0x0000e4e2                packetbuf_datalen
 .text.packetbuf_hdrlen
                0x0000e4e8        0xa contiki-ng-sky.a(packetbuf.o)
                0x0000e4e8                packetbuf_hdrlen
 .text.packetbuf_dataptr
                0x0000e4f2        0xc contiki-ng-sky.a(packetbuf.o)
                0x0000e4f2                packetbuf_dataptr
 .text.packetbuf_copyto
                0x0000e4fe       0x46 contiki-ng-sky.a(packetbuf.o)
                0x0000e4fe                packetbuf_copyto
 .text.packetbuf_totlen
                0x0000e544        0xc contiki-ng-sky.a(packetbuf.o)
                0x0000e544                packetbuf_totlen
 .text.packetbuf_hdralloc
                0x0000e550       0x3a contiki-ng-sky.a(packetbuf.o)
                0x0000e550                packetbuf_hdralloc
 .text.packetbuf_attr_clear
                0x0000e58a       0x28 contiki-ng-sky.a(packetbuf.o)
                0x0000e58a                packetbuf_attr_clear
 .text.packetbuf_clear
                0x0000e5b2       0x12 contiki-ng-sky.a(packetbuf.o)
                0x0000e5b2                packetbuf_clear
 .text.packetbuf_copyfrom
                0x0000e5c4       0x2e contiki-ng-sky.a(packetbuf.o)
                0x0000e5c4                packetbuf_copyfrom
 .text.packetbuf_attr_copyto
                0x0000e5f2       0x22 contiki-ng-sky.a(packetbuf.o)
                0x0000e5f2                packetbuf_attr_copyto
 .text.packetbuf_attr_copyfrom
                0x0000e614       0x24 contiki-ng-sky.a(packetbuf.o)
                0x0000e614                packetbuf_attr_copyfrom
 .text.packetbuf_set_attr
                0x0000e638        0xc contiki-ng-sky.a(packetbuf.o)
                0x0000e638                packetbuf_set_attr
 .text.packetbuf_attr
                0x0000e644        0xa contiki-ng-sky.a(packetbuf.o)
                0x0000e644                packetbuf_attr
 .text.packetbuf_set_addr
                0x0000e64e       0x18 contiki-ng-sky.a(packetbuf.o)
                0x0000e64e                packetbuf_set_addr
 .text.packetbuf_addr
                0x0000e666       0x12 contiki-ng-sky.a(packetbuf.o)
                0x0000e666                packetbuf_addr
 .text.packetbuf_holds_broadcast
                0x0000e678        0xe contiki-ng-sky.a(packetbuf.o)
                0x0000e678                packetbuf_holds_broadcast
 .text.periodic
                0x0000e686       0x28 contiki-ng-sky.a(link-stats.o)
 .text.link_stats_from_lladdr
                0x0000e6ae        0xc contiki-ng-sky.a(link-stats.o)
                0x0000e6ae                link_stats_from_lladdr
 .text.link_stats_is_fresh
                0x0000e6ba       0x2e contiki-ng-sky.a(link-stats.o)
                0x0000e6ba                link_stats_is_fresh
 .text.guess_etx_from_rssi
                0x0000e6e8       0x42 contiki-ng-sky.a(link-stats.o)
                0x0000e6e8                guess_etx_from_rssi
 .text.link_stats_packet_sent
                0x0000e72a       0xde contiki-ng-sky.a(link-stats.o)
                0x0000e72a                link_stats_packet_sent
 .text.link_stats_input_callback
                0x0000e808       0xb6 contiki-ng-sky.a(link-stats.o)
                0x0000e808                link_stats_input_callback
 .text.link_stats_reset
                0x0000e8be       0x2a contiki-ng-sky.a(link-stats.o)
                0x0000e8be                link_stats_reset
 .text.link_stats_init
                0x0000e8e8       0x22 contiki-ng-sky.a(link-stats.o)
                0x0000e8e8                link_stats_init
 .text.mac_sequence_is_duplicate
                0x0000e90a       0x78 contiki-ng-sky.a(mac-sequence.o)
                0x0000e90a                mac_sequence_is_duplicate
 .text.mac_sequence_register_seqno
                0x0000e982       0x98 contiki-ng-sky.a(mac-sequence.o)
                0x0000e982                mac_sequence_register_seqno
 .text.mac_call_sent_callback
                0x0000ea1a       0x14 contiki-ng-sky.a(mac.o)
                0x0000ea1a                mac_call_sent_callback
 .text.parse    0x0000ea2e       0x96 contiki-ng-sky.a(framer-802154.o)
 .text.framer_802154_setup_params
                0x0000eac4       0xb8 contiki-ng-sky.a(framer-802154.o)
                0x0000eac4                framer_802154_setup_params
 .text.create_frame
                0x0000eb7c       0xde contiki-ng-sky.a(framer-802154.o)
 .text.create   0x0000ec5a        0x8 contiki-ng-sky.a(framer-802154.o)
 .text.hdr_length
                0x0000ec62        0x8 contiki-ng-sky.a(framer-802154.o)
 .text.frame802154_get_pan_id
                0x0000ec6a        0x6 contiki-ng-sky.a(frame802154.o)
                0x0000ec6a                frame802154_get_pan_id
 .text.frame802154_has_panid
                0x0000ec70       0xdc contiki-ng-sky.a(frame802154.o)
                0x0000ec70                frame802154_has_panid
 .text.field_len
                0x0000ed4c       0xb2 contiki-ng-sky.a(frame802154.o)
 .text.frame802154_is_broadcast_addr
                0x0000edfe       0x24 contiki-ng-sky.a(frame802154.o)
                0x0000edfe                frame802154_is_broadcast_addr
 .text.frame802154_hdrlen
                0x0000ee22       0x32 contiki-ng-sky.a(frame802154.o)
                0x0000ee22                frame802154_hdrlen
 .text.frame802154_create_fcf
                0x0000ee54       0x96 contiki-ng-sky.a(frame802154.o)
                0x0000ee54                frame802154_create_fcf
 .text.frame802154_create
                0x0000eeea       0xe4 contiki-ng-sky.a(frame802154.o)
                0x0000eeea                frame802154_create
 .text.frame802154_parse_fcf
                0x0000efce       0xbe contiki-ng-sky.a(frame802154.o)
                0x0000efce                frame802154_parse_fcf
 .text.frame802154_parse
                0x0000f08c      0x18c contiki-ng-sky.a(frame802154.o)
                0x0000f08c                frame802154_parse
 .text.uipbuf_get_attr
                0x0000f218       0x14 contiki-ng-sky.a(uipbuf.o)
                0x0000f218                uipbuf_get_attr
 .text.uipbuf_clear_attr
                0x0000f22c       0x10 contiki-ng-sky.a(uipbuf.o)
                0x0000f22c                uipbuf_clear_attr
 .text.echo_reply_input
                0x0000f23c       0xb6 contiki-ng-sky.a(uip-icmp6.o)
 .text.echo_request_input
                0x0000f2f2       0xca contiki-ng-sky.a(uip-icmp6.o)
 .text.uip_icmp6_input
                0x0000f3bc       0x44 contiki-ng-sky.a(uip-icmp6.o)
                0x0000f3bc                uip_icmp6_input
 .text.uip_icmp6_register_input_handler
                0x0000f400        0xc contiki-ng-sky.a(uip-icmp6.o)
                0x0000f400                uip_icmp6_register_input_handler
 .text.uip_icmp6_error_output
                0x0000f40c      0x180 contiki-ng-sky.a(uip-icmp6.o)
                0x0000f40c                uip_icmp6_error_output
 .text.uip_icmp6_send
                0x0000f58c       0x96 contiki-ng-sky.a(uip-icmp6.o)
                0x0000f58c                uip_icmp6_send
 .text.uip_icmp6_init
                0x0000f622       0x12 contiki-ng-sky.a(uip-icmp6.o)
                0x0000f622                uip_icmp6_init
 .text.uip_sr_get_node
                0x0000f634       0x54 contiki-ng-sky.a(uip-sr.o)
                0x0000f634                uip_sr_get_node
 .text.uip_sr_is_addr_reachable
                0x0000f688       0x4e contiki-ng-sky.a(uip-sr.o)
                0x0000f688                uip_sr_is_addr_reachable
 .text.uip_sr_expire_parent
                0x0000f6d6       0x56 contiki-ng-sky.a(uip-sr.o)
                0x0000f6d6                uip_sr_expire_parent
 .text.uip_sr_update_node
                0x0000f72c       0xbc contiki-ng-sky.a(uip-sr.o)
                0x0000f72c                uip_sr_update_node
 .text.uip_sr_init
                0x0000f7e8       0x16 contiki-ng-sky.a(uip-sr.o)
                0x0000f7e8                uip_sr_init
 .text.uip_sr_periodic
                0x0000f7fe       0x9a contiki-ng-sky.a(uip-sr.o)
                0x0000f7fe                uip_sr_periodic
 .text.uip_sr_free_all
                0x0000f898       0x3c contiki-ng-sky.a(uip-sr.o)
                0x0000f898                uip_sr_free_all
 .text.update_state
                0x0000f8d4       0x84 contiki-ng-sky.a(rpl-nbr-policy.)
 .text.rpl_nbr_policy_find_removable
                0x0000f958       0x50 contiki-ng-sky.a(rpl-nbr-policy.)
                0x0000f958                rpl_nbr_policy_find_removable
 .text.acceptable_rank
                0x0000f9a8       0x3c contiki-ng-sky.a(rpl-neighbor.o)
 .text.remove_neighbor
                0x0000f9e4       0x24 contiki-ng-sky.a(rpl-neighbor.o)
 .text.rpl_neighbor_get_from_lladdr
                0x0000fa08        0xc contiki-ng-sky.a(rpl-neighbor.o)
                0x0000fa08                rpl_neighbor_get_from_lladdr
 .text.rpl_neighbor_rank_via_nbr
                0x0000fa14       0x1c contiki-ng-sky.a(rpl-neighbor.o)
                0x0000fa14                rpl_neighbor_rank_via_nbr
 .text.rpl_neighbor_get_lladdr
                0x0000fa30        0xc contiki-ng-sky.a(rpl-neighbor.o)
                0x0000fa30                rpl_neighbor_get_lladdr
 .text.rpl_neighbor_get_ipaddr
                0x0000fa3c        0xa contiki-ng-sky.a(rpl-neighbor.o)
                0x0000fa3c                rpl_neighbor_get_ipaddr
 .text.rpl_neighbor_get_link_stats
                0x0000fa46        0xa contiki-ng-sky.a(rpl-neighbor.o)
                0x0000fa46                rpl_neighbor_get_link_stats
 .text.rpl_neighbor_is_fresh
                0x0000fa50        0xa contiki-ng-sky.a(rpl-neighbor.o)
                0x0000fa50                rpl_neighbor_is_fresh
 .text.best_parent
                0x0000fa5a       0x70 contiki-ng-sky.a(rpl-neighbor.o)
 .text.rpl_neighbor_is_parent
                0x0000faca       0x18 contiki-ng-sky.a(rpl-neighbor.o)
                0x0000faca                rpl_neighbor_is_parent
 .text.rpl_neighbor_set_preferred_parent
                0x0000fae2       0x44 contiki-ng-sky.a(rpl-neighbor.o)
                0x0000fae2                rpl_neighbor_set_preferred_parent
 .text.rpl_neighbor_remove_all
                0x0000fb26       0x2a contiki-ng-sky.a(rpl-neighbor.o)
                0x0000fb26                rpl_neighbor_remove_all
 .text.rpl_neighbor_get_from_ipaddr
                0x0000fb50       0x14 contiki-ng-sky.a(rpl-neighbor.o)
                0x0000fb50                rpl_neighbor_get_from_ipaddr
 .text.rpl_neighbor_select_best
                0x0000fb64       0x52 contiki-ng-sky.a(rpl-neighbor.o)
                0x0000fb64                rpl_neighbor_select_best
 .text.rpl_neighbor_init
                0x0000fbb6        0xe contiki-ng-sky.a(rpl-neighbor.o)
                0x0000fbb6                rpl_neighbor_init
 .text.handle_state_update
                0x0000fbc4        0x6 contiki-ng-sky.a(rpl-timers.o)
 .text.handle_leaving_timer
                0x0000fbca        0xc contiki-ng-sky.a(rpl-timers.o)
 .text.new_dio_interval
                0x0000fbd6       0x8a contiki-ng-sky.a(rpl-timers.o)
 .text.handle_unicast_dio_timer
                0x0000fc60       0x12 contiki-ng-sky.a(rpl-timers.o)
 .text.handle_dao_ack_timer
                0x0000fc72       0x12 contiki-ng-sky.a(rpl-timers.o)
 .text.handle_dao_timer
                0x0000fc84       0xf6 contiki-ng-sky.a(rpl-timers.o)
 .text.handle_dio_timer
                0x0000fd7a       0x6e contiki-ng-sky.a(rpl-timers.o)
 .text.rpl_timers_schedule_periodic_dis
                0x0000fde8       0x40 contiki-ng-sky.a(rpl-timers.o)
                0x0000fde8                rpl_timers_schedule_periodic_dis
 .text.handle_periodic_timer
                0x0000fe28       0x3a contiki-ng-sky.a(rpl-timers.o)
 .text.handle_dis_timer
                0x0000fe62       0x26 contiki-ng-sky.a(rpl-timers.o)
 .text.rpl_timers_dio_reset
                0x0000fe88       0x20 contiki-ng-sky.a(rpl-timers.o)
                0x0000fe88                rpl_timers_dio_reset
 .text.rpl_timers_schedule_unicast_dio
                0x0000fea8       0x20 contiki-ng-sky.a(rpl-timers.o)
                0x0000fea8                rpl_timers_schedule_unicast_dio
 .text.rpl_timers_schedule_dao
                0x0000fec8       0x4c contiki-ng-sky.a(rpl-timers.o)
                0x0000fec8                rpl_timers_schedule_dao
 .text.rpl_timers_schedule_dao_ack
                0x0000ff14       0x34 contiki-ng-sky.a(rpl-timers.o)
                0x0000ff14                rpl_timers_schedule_dao_ack
 .text.get_probing_delay
                0x0000ff48       0x1c contiki-ng-sky.a(rpl-timers.o)
                0x0000ff48                get_probing_delay
 .text.get_probing_target
                0x0000ff64       0xec contiki-ng-sky.a(rpl-timers.o)
                0x0000ff64                get_probing_target
 .text.rpl_schedule_probing
                0x00010050       0x20 contiki-ng-sky.a(rpl-timers.o)
                0x00010050                rpl_schedule_probing
 .text.handle_probing_timer
                0x00010070       0x2a contiki-ng-sky.a(rpl-timers.o)
 .text.rpl_schedule_probing_now
                0x0001009a       0x32 contiki-ng-sky.a(rpl-timers.o)
                0x0001009a                rpl_schedule_probing_now
 .text.rpl_timers_unschedule_leaving
                0x000100cc       0x1c contiki-ng-sky.a(rpl-timers.o)
                0x000100cc                rpl_timers_unschedule_leaving
 .text.rpl_timers_schedule_leaving
                0x000100e8       0x2a contiki-ng-sky.a(rpl-timers.o)
                0x000100e8                rpl_timers_schedule_leaving
 .text.rpl_timers_init
                0x00010112       0x1c contiki-ng-sky.a(rpl-timers.o)
                0x00010112                rpl_timers_init
 .text.rpl_timers_stop_dag_timers
                0x0001012e       0x4c contiki-ng-sky.a(rpl-timers.o)
                0x0001012e                rpl_timers_stop_dag_timers
 .text.rpl_timers_unschedule_state_update
                0x0001017a       0x10 contiki-ng-sky.a(rpl-timers.o)
                0x0001017a                rpl_timers_unschedule_state_update
 .text.rpl_timers_schedule_state_update
                0x0001018a       0x1c contiki-ng-sky.a(rpl-timers.o)
                0x0001018a                rpl_timers_schedule_state_update
 .text.update_hbh_header
                0x000101a6       0x5e contiki-ng-sky.a(rpl-ext-header.)
 .text.rpl_ext_header_srh_get_next_hop
                0x00010204       0xd0 contiki-ng-sky.a(rpl-ext-header.)
                0x00010204                rpl_ext_header_srh_get_next_hop
 .text.rpl_ext_header_srh_update
                0x000102d4      0x152 contiki-ng-sky.a(rpl-ext-header.)
                0x000102d4                rpl_ext_header_srh_update
 .text.rpl_ext_header_hbh_update
                0x00010426       0xbc contiki-ng-sky.a(rpl-ext-header.)
                0x00010426                rpl_ext_header_hbh_update
 .text.rpl_ext_header_remove
                0x000104e2       0xba contiki-ng-sky.a(rpl-ext-header.)
                0x000104e2                rpl_ext_header_remove
 .text.rpl_ext_header_update
                0x0001059c      0x328 contiki-ng-sky.a(rpl-ext-header.)
                0x0001059c                rpl_ext_header_update
 .text.reset    0x000108c4        0x2 contiki-ng-sky.a(rpl-mrhof.o)
 .text.update_metric_container
                0x000108c6        0x6 contiki-ng-sky.a(rpl-mrhof.o)
 .text.nbr_link_metric
                0x000108cc       0x12 contiki-ng-sky.a(rpl-mrhof.o)
 .text.nbr_has_usable_link
                0x000108de       0x14 contiki-ng-sky.a(rpl-mrhof.o)
 .text.nbr_path_cost
                0x000108f2       0x38 contiki-ng-sky.a(rpl-mrhof.o)
 .text.within_hysteresis
                0x0001092a       0x5a contiki-ng-sky.a(rpl-mrhof.o)
 .text.nbr_is_acceptable_parent
                0x00010984       0x2c contiki-ng-sky.a(rpl-mrhof.o)
 .text.rank_via_nbr
                0x000109b0       0x48 contiki-ng-sky.a(rpl-mrhof.o)
 .text.best_parent
                0x000109f8       0x7e contiki-ng-sky.a(rpl-mrhof.o)
 .text.spi_init
                0x00010a76       0x32 contiki-ng-sky.a(spi-legacy.o)
                0x00010a76                spi_init
 .text.libgcc   0x00010aa8       0x2c /usr/lib/gcc/msp430/4.6.3/mmpy-16/libgcc.a(_mulsi3.o)
                0x00010aa8                __mulsi3
 .text.libgcc   0x00010ad4       0x22 /usr/lib/gcc/msp430/4.6.3/mmpy-16/libgcc.a(_udivmod16.o)
                0x00010ad4                __udivhi3
                0x00010ad4                __ext_udivmod16
                0x00010aee                __umodhi3
 .text.libgcc   0x00010af6       0x3a /usr/lib/gcc/msp430/4.6.3/mmpy-16/libgcc.a(_divmod16.o)
                0x00010af6                __ext_divmod16
                0x00010af6                __divhi3
                0x00010b28                __modhi3
 .text.libgcc   0x00010b30       0x40 /usr/lib/gcc/msp430/4.6.3/mmpy-16/libgcc.a(_udivmod32.o)
                0x00010b30                __udivsi3
                0x00010b30                __ext_udivmod32
                0x00010b66                __umodsi3
 .text.libgcc   0x00010b70       0x4c /usr/lib/gcc/msp430/4.6.3/mmpy-16/libgcc.a(_divmod32.o)
                0x00010b70                __ext_divmod32
                0x00010b70                __divsi3
                0x00010bb2                __modsi3
 .text          0x00010bbc       0x28 /usr/lib/gcc/msp430/4.6.3/../../../../msp430/lib/mmpy-16/libc.a(strncmp.o)
                0x00010bbc                strncmp
 .text          0x00010be4       0x20 /usr/lib/gcc/msp430/4.6.3/../../../../msp430/lib/mmpy-16/libc.a(memcmp.o)
                0x00010be4                memcmp
 .text          0x00010c04       0xfa /usr/lib/gcc/msp430/4.6.3/../../../../msp430/lib/mmpy-16/libc.a(memcpy.o)
                0x00010c04                memcpy
 .text          0x00010cfe       0xfa /usr/lib/gcc/msp430/4.6.3/../../../../msp430/lib/mmpy-16/libc.a(memmove.o)
                0x00010cfe                memmove
 .text          0x00010df8       0x6a /usr/lib/gcc/msp430/4.6.3/../../../../msp430/lib/mmpy-16/libc.a(memset.o)
                0x00010df8                memset
 .text          0x00010e62       0x1e /usr/lib/gcc/msp430/4.6.3/../../../../msp430/lib/mmpy-16/libc.a(printf.o)
                0x00010e62                printf
                0x00010e72                vprintf
 .text          0x00010e80       0xbc /usr/lib/gcc/msp430/4.6.3/../../../../msp430/lib/mmpy-16/libc.a(sprintf.o)
                0x00010ede                sprintf
                0x00010efa                snprintf
                0x00010f14                vsprintf
                0x00010f2a                vsnprintf
 .text          0x00010f3c      0x836 /usr/lib/gcc/msp430/4.6.3/../../../../msp430/lib/mmpy-16/libc.a(vuprintf.o)
                0x000110d4                vuprintf
 .text          0x00011772       0x2c /usr/lib/gcc/msp430/4.6.3/../../../../msp430/lib/mmpy-16/libc.a(puts.o)
                0x00011772                puts
 .text          0x0001179e       0x54 /usr/lib/gcc/msp430/4.6.3/../../../../msp430/lib/mmpy-16/libc.a(rand.o)
                0x0001179e                rand_r
                0x000117c2                rand
                0x000117e8                srand
 .text.libgcc   0x000117f2       0xf0 /usr/lib/gcc/msp430/4.6.3/mmpy-16/libgcc.a(_udivmod64.o)
                0x000117f2                __xabi_udivmod64
                0x00011850                __udivdi3
                0x00011876                __umoddi3
                0x000118a4                __udivmoddi4
 .text.crt0     0x000118e2        0x2 /usr/lib/gcc/msp430/4.6.3/mmpy-16/libcrt0.a(_unexpected_.o)
                0x000118e2                _unexpected_
                0x000118e4                . = ALIGN (0x2)

.rodata         0x000118e4      0x88a
                0x000118e4                . = ALIGN (0x2)
 *(.rodata .rodata.* .gnu.linkonce.r.*)
 .rodata        0x000118e4      0x422 mqtt-demo.o
                0x00011d02                autostart_processes
 .rodata        0x00011d06       0xf2 obj_sky/contiki-main.o
 .rodata        0x00011df8       0x31 contiki-ng-sky.a(platform.o)
 .rodata        0x00011e29       0x14 contiki-ng-sky.a(mqtt.o)
 .rodata        0x00011e3d        0xf contiki-ng-sky.a(ctimer.o)
 .rodata        0x00011e4c        0xc contiki-ng-sky.a(etimer.o)
 .rodata        0x00011e58       0xb2 contiki-ng-sky.a(log.o)
 .rodata        0x00011f0a        0x8 contiki-ng-sky.a(linkaddr.o)
                0x00011f0a                linkaddr_null
 .rodata        0x00011f12       0x12 contiki-ng-sky.a(csma.o)
                0x00011f18                csma_driver
 .rodata        0x00011f24       0x13 contiki-ng-sky.a(tcp-socket.o)
 .rodata        0x00011f37        0xd contiki-ng-sky.a(tcpip.o)
 .rodata        0x00011f44       0x20 contiki-ng-sky.a(uip6.o)
 .rodata        0x00011f64       0x26 contiki-ng-sky.a(sicslowpan.o)
                0x00011f70                sicslowpan_driver
                0x00011f78                llprefix
                0x00011f7a                unc_mxconf
                0x00011f7e                unc_ctxconf
                0x00011f82                unc_llconf
 .rodata        0x00011f8a       0x2d contiki-ng-sky.a(uiplib.o)
 *fill*         0x00011fb7        0x1 00
 .rodata        0x00011fb8       0x32 contiki-ng-sky.a(rpl.o)
                0x00011fc2                rpl_lite_driver
 .rodata        0x00011fea       0xe0 contiki-ng-sky.a(rpl-dag.o)
 .rodata        0x000120ca       0x10 contiki-ng-sky.a(button-sensor.o)
                0x000120d2                button_sensor
 .rodata        0x000120da        0x8 contiki-ng-sky.a(sensors.o)
 .rodata        0x000120e2       0x70 contiki-ng-sky.a(cc2420.o)
                0x00012114                cc2420_aes_128_driver
                0x00012118                cc2420_driver
 .rodata        0x00012152        0x6 contiki-ng-sky.a(framer-802154.o)
                0x00012152                framer_802154
 .rodata        0x00012158        0x2 contiki-ng-sky.a(frame802154.o)
 .rodata        0x0001215a        0xc contiki-ng-sky.a(rpl-timers.o)
 .rodata        0x00012166        0x7 /usr/lib/gcc/msp430/4.6.3/../../../../msp430/lib/mmpy-16/libc.a(vuprintf.o)
                0x0001216e                . = ALIGN (0x2)
 *fill*         0x0001216d        0x1 00
                0x0001216e                _etext = .

.data           0x00001100      0x140 load address 0x0001216e
                0x00001100                . = ALIGN (0x2)
                0x00001100                PROVIDE (__data_start, .)
 *(.data .data.* .gnu.linkonce.d.*)
 .data          0x00001100        0xa mqtt-demo.o
                0x00001100                mqtt_demo_process
 .data          0x0000110a        0x2 contiki-ng-sky.a(msp430.o)
 .data          0x0000110c        0xa contiki-ng-sky.a(mqtt.o)
                0x0000110c                mqtt_process
 .data          0x00001116        0xa contiki-ng-sky.a(ctimer.o)
                0x00001116                ctimer_process
 .data          0x00001120        0xa contiki-ng-sky.a(etimer.o)
                0x00001120                etimer_process
 .data          0x0000112a       0x4a contiki-ng-sky.a(log.o)
                0x0000112a                all_modules
                0x00001172                curr_log_level_main
 .data          0x00001174       0x18 contiki-ng-sky.a(csma-output.o)
 .data          0x0000118c        0xa contiki-ng-sky.a(tcp-socket.o)
                0x0000118c                tcp_socket_process
 .data          0x00001196        0xa contiki-ng-sky.a(tcpip.o)
                0x00001196                tcpip_process
 .data          0x000011a0        0x8 contiki-ng-sky.a(uip-ds6-route.o)
 .data          0x000011a8        0xa contiki-ng-sky.a(uip-ds6-nbr.o)
                0x000011a8                ds6_neighbors
 .data          0x000011b2        0x6 contiki-ng-sky.a(uip-nd6.o)
 .data          0x000011b8       0x18 contiki-ng-sky.a(rpl-icmp6.o)
 .data          0x000011d0        0x4 contiki-ng-sky.a(contiki-sky-pla)
                0x000011d0                sensors
 .data          0x000011d4        0xa contiki-ng-sky.a(sensors.o)
                0x000011d4                sensors_process
 .data          0x000011de        0xc contiki-ng-sky.a(cc2420.o)
                0x000011de                cc2420_process
 .data          0x000011ea       0x10 contiki-ng-sky.a(queuebuf.o)
 .data          0x000011fa        0x8 contiki-ng-sky.a(nbr-table.o)
 .data          0x00001202        0x8 contiki-ng-sky.a(link-stats.o)
 .data          0x0000120a        0x2 contiki-ng-sky.a(frame802154.o)
 .data          0x0000120c        0xc contiki-ng-sky.a(uip-icmp6.o)
 .data          0x00001218        0x8 contiki-ng-sky.a(uip-sr.o)
 .data          0x00001220        0xa contiki-ng-sky.a(rpl-neighbor.o)
                0x00001220                rpl_neighbors
 .data          0x0000122a       0x12 contiki-ng-sky.a(rpl-mrhof.o)
                0x0000122a                rpl_mrhof
 .data          0x0000123c        0x4 /usr/lib/gcc/msp430/4.6.3/../../../../msp430/lib/mmpy-16/libc.a(rand.o)
                0x00001240                . = ALIGN (0x2)
                0x00001240                _edata = .
                0x0001216e                PROVIDE (__data_load_start, LOADADDR (.data))
                0x00000140                PROVIDE (__data_size, SIZEOF (.data))

.bss            0x00001240     0x26b2 load address 0x000122ae
                0x00001240                PROVIDE (__bss_start, .)
 *(.bss .bss.*)
 .bss           0x00001240      0xaaa mqtt-demo.o
 .bss           0x00001cea        0x8 contiki-ng-sky.a(platform.o)
 .bss           0x00001cf2        0xa contiki-ng-sky.a(clock.o)
 .bss           0x00001cfc        0x2 contiki-ng-sky.a(watchdog.o)
 .bss           0x00001cfe       0x10 contiki-ng-sky.a(mqtt.o)
 .bss           0x00001d0e        0x4 contiki-ng-sky.a(ctimer.o)
 .bss           0x00001d12        0x6 contiki-ng-sky.a(etimer.o)
 .bss           0x00001d18       0x14 contiki-ng-sky.a(log.o)
                0x00001d18                curr_log_level_lwm2m
                0x00001d1a                curr_log_level_coap
                0x00001d1c                curr_log_level_6top
                0x00001d1e                curr_log_level_framer
                0x00001d20                curr_log_level_mac
                0x00001d22                curr_log_level_nullnet
                0x00001d24                curr_log_level_6lowpan
                0x00001d26                curr_log_level_ipv6
                0x00001d28                curr_log_level_tcpip
                0x00001d2a                curr_log_level_rpl
 .bss           0x00001d2c       0xc8 contiki-ng-sky.a(process.o)
                0x00001d2c                process_current
                0x00001d2e                process_list
 .bss           0x00001df4        0x2 contiki-ng-sky.a(rtimer.o)
 .bss           0x00001df6        0x2 contiki-ng-sky.a(node-id.o)
                0x00001df6                node_id
 .bss           0x00001df8        0x2 contiki-ng-sky.a(netstack.o)
 .bss           0x00001dfa       0xbe contiki-ng-sky.a(csma-output.o)
 .bss           0x00001eb8       0x18 contiki-ng-sky.a(uip-ds6.o)
 .bss           0x00001ed0        0x4 contiki-ng-sky.a(tcp-socket.o)
 .bss           0x00001ed4       0x5e contiki-ng-sky.a(tcpip.o)
 .bss           0x00001f32       0x3c contiki-ng-sky.a(uip-ds6-route.o)
 .bss           0x00001f6e        0xc contiki-ng-sky.a(uip6.o)
                0x00001f6e                uip_ext_opt_offset
                0x00001f70                uip_ext_len
                0x00001f72                uip_ext_bitmap
 .bss           0x00001f7a      0x120 contiki-ng-sky.a(uip-ds6-nbr.o)
 .bss           0x0000209a        0x8 contiki-ng-sky.a(uip-nd6.o)
 .bss           0x000020a2      0x6e0 contiki-ng-sky.a(sicslowpan.o)
 .bss           0x00002782        0x1 contiki-ng-sky.a(rpl.o)
 *fill*         0x00002783        0x1 00
 .bss           0x00002784       0x12 contiki-ng-sky.a(rpl-dag-root.o)
 .bss           0x00002796        0x8 contiki-ng-sky.a(button-sensor.o)
 .bss           0x0000279e        0x6 contiki-ng-sky.a(sensors.o)
 .bss           0x000027a4        0xa contiki-ng-sky.a(cc2420.o)
 .bss           0x000027ae       0x9a contiki-ng-sky.a(uart1.o)
 .bss           0x00002848      0x580 contiki-ng-sky.a(queuebuf.o)
 .bss           0x00002dc8       0xe4 contiki-ng-sky.a(nbr-table.o)
 .bss           0x00002eac       0x86 contiki-ng-sky.a(packetbuf.o)
 .bss           0x00002f32       0xa0 contiki-ng-sky.a(link-stats.o)
 .bss           0x00002fd2       0xe0 contiki-ng-sky.a(mac-sequence.o)
 .bss           0x000030b2        0x2 contiki-ng-sky.a(framer-802154.o)
 .bss           0x000030b4        0xc contiki-ng-sky.a(uipbuf.o)
 .bss           0x000030c0       0x14 contiki-ng-sky.a(uip-icmp6.o)
 .bss           0x000030d4      0x134 contiki-ng-sky.a(uip-sr.o)
 .bss           0x00003208        0x8 contiki-ng-sky.a(rpl-nbr-policy.)
 .bss           0x00003210       0x80 contiki-ng-sky.a(rpl-neighbor.o)
 .bss           0x00003290       0x28 contiki-ng-sky.a(rpl-timers.o)
 .bss           0x000032b8        0x4 /usr/lib/gcc/msp430/4.6.3/../../../../msp430/lib/mmpy-16/libc.a(sprintf.o)
 *(COMMON)
 COMMON         0x000032bc        0x2 contiki-ng-sky.a(msp430.o)
                0x000032bc                msp430_dco_required
 COMMON         0x000032be        0x1 contiki-ng-sky.a(mqtt.o)
                0x000032be                mqtt_update_event
 *fill*         0x000032bf        0x1 00
 COMMON         0x000032c0        0x8 contiki-ng-sky.a(linkaddr.o)
                0x000032c0                linkaddr_node_addr
 COMMON         0x000032c8      0x15c contiki-ng-sky.a(uip-ds6.o)
                0x000032c8                uip_ds6_timer_ra
                0x000032d0                uip_ds6_if
                0x000033bc                uip_ds6_netif_addr_list_offset
                0x000033bd                uip_ds6_addr_size
                0x000033be                uip_ds6_prefix_list
                0x00003418                uip_ds6_timer_periodic
 COMMON         0x00003424        0x1 contiki-ng-sky.a(tcpip.o)
                0x00003424                tcpip_event
 *fill*         0x00003425        0x1 00
 COMMON         0x00003426      0x364 contiki-ng-sky.a(uip6.o)
                0x00003426                uip_len
                0x00003428                uip_sappdata
                0x0000342a                uip_acc32
                0x0000342e                uip_lladdr
                0x00003436                uip_aligned_buf
                0x00003526                uip_flags
                0x00003528                uip_next_hdr
                0x0000352a                uip_udp_conn
                0x0000352c                uip_appdata
                0x0000352e                uip_conn
                0x00003530                uip_conns
                0x00003690                uip_listenports
                0x000036b8                uip_slen
                0x000036ba                uip_udp_conns
 COMMON         0x0000378a       0x10 contiki-ng-sky.a(rpl.o)
                0x0000378a                rpl_multicast_addr
 COMMON         0x0000379a       0xfe contiki-ng-sky.a(rpl-dag.o)
                0x0000379a                curr_instance
 COMMON         0x00003898        0x2 contiki-ng-sky.a(contiki-sky-pla)
                0x00003898                sensors_flags
 COMMON         0x0000389a        0x8 contiki-ng-sky.a(ds2411.o)
                0x0000389a                ds2411_id
 COMMON         0x000038a2        0x1 contiki-ng-sky.a(sensors.o)
                0x000038a2                sensors_event
 *fill*         0x000038a3        0x1 00
 COMMON         0x000038a4       0x10 contiki-ng-sky.a(cc2420.o)
                0x000038a4                cc2420_last_rssi
                0x000038a6                cc2420_sfd_start_time
                0x000038a8                cc2420_time_of_departure
                0x000038aa                cc2420_time_of_arrival
                0x000038ac                cc2420_last_correlation
                0x000038ae                cc2420_authority_level_of_sender
                0x000038b0                cc2420_sfd_counter
                0x000038b2                cc2420_sfd_end_time
 COMMON         0x000038b4       0x2a contiki-ng-sky.a(packetbuf.o)
                0x000038b4                packetbuf_addrs
                0x000038c4                packetbuf_attrs
 COMMON         0x000038de       0x14 contiki-ng-sky.a(link-stats.o)
                0x000038de                periodic_timer
                0x000038f2                . = ALIGN (0x2)
                0x000038f2                PROVIDE (__bss_end, .)
                0x000026b2                PROVIDE (__bss_size, SIZEOF (.bss))

.noinit         0x000038f2        0x2 load address 0x000122ae
                0x000038f2                PROVIDE (__noinit_start, .)
 *(.noinit .noinit.*)
 .noinit.crt0   0x000038f2        0x2 /usr/lib/gcc/msp430/4.6.3/mmpy-16/libcrt0.a(__watchdog_support.o)
                0x000038f2                __wdt_clear_value
                0x000038f4                . = ALIGN (0x2)
                0x000038f4                PROVIDE (__noinit_end, .)
                0x000038f4                . = ALIGN (0x2)
                0x000038f4                _end = .

.infomem        0x00001000        0x0
 *(.infomem)
                0x00001000                . = ALIGN (0x2)
 *(.infomem.*)

.infomemnobits  0x00001000        0x0
 *(.infomemnobits)
                0x00001000                . = ALIGN (0x2)
 *(.infomemnobits.*)

.infoa
 *(.infoa .infoa.*)

.infob
 *(.infob .infob.*)

.infoc
 *(.infoc .infoc.*)

.infod
 *(.infod .infod.*)

.vectors        0x0000ffe0       0x20
                0x0000ffe0                PROVIDE (__vectors_start, .)
 *(.vectors*)
 .vectors       0x0000ffe0       0x20 /usr/lib/gcc/msp430/4.6.3/mmpy-16/crt0ivtbl16.o
                0x0000ffe0                __ivtbl_16
                0x00010000                _vectors_end = .

.fartext        0x00000000        0x0
                0x00000000                . = ALIGN (0x2)
 *(.fartext)
                0x00000000                . = ALIGN (0x2)
 *(.fartext.*)
                0x00000000                _efartext = .

.profiler
 *(.profiler)

.stab           0x00000000    0x2da44
 *(.stab)
 .stab          0x00000000     0x1d1c mqtt-demo.o
 .stab          0x00001d1c      0xbe8 obj_sky/contiki-main.o
                               0x1a40 (size before relaxing)
 .stab          0x00002904      0x228 contiki-ng-sky.a(uart1-putchar.o)
                                0x6fc (size before relaxing)
 .stab          0x00002b2c      0xf24 contiki-ng-sky.a(platform.o)
                               0x1410 (size before relaxing)
 .stab          0x00003a50      0x72c contiki-ng-sky.a(msp430.o)
                                0xa50 (size before relaxing)
 .stab          0x0000417c      0x918 contiki-ng-sky.a(clock.o)
                                0xc60 (size before relaxing)